Java HotSpot(TM) 64-Bit Server VM (25.191-b12) for bsd-amd64 JRE (1.8.0_191-b12), built on Oct  6 2018 08:37:07 by "java_re" with gcc 4.2.1 (Based on Apple Inc. build 5658) (LLVM build 2336.11.00)
Memory: 4k page, physical 16777216k(1056240k free)

/proc/meminfo:

CommandLine flags: -XX:InitialHeapSize=1073741824 -XX:MaxGCPauseMillis=5 -XX:MaxHeapSize=1073741824 -XX:+PrintGC -XX:+PrintGCDateStamps -XX:+PrintGCDetails -XX:+PrintGCTimeStamps -XX:-UseAdaptiveSizePolicy -XX:+UseCompressedClassPointers -XX:+UseCompressedOops -XX:+UseG1GC 
2021-07-03T09:39:40.875-0800: 0.129: [GC pause (G1 Evacuation Pause) (young), 0.0076519 secs]
   [Parallel Time: 6.7 ms, GC Workers: 10]
      [GC Worker Start (ms): Min: 129.0, Avg: 129.1, Max: 129.1, Diff: 0.2]
      [Ext Root Scanning (ms): Min: 0.0, Avg: 0.1, Max: 0.2, Diff: 0.2, Sum: 1.2]
      [Update RS (ms): Min: 0.0, Avg: 0.0, Max: 0.0, Diff: 0.0, Sum: 0.0]
         [Processed Buffers: Min: 0, Avg: 0.0, Max: 0, Diff: 0, Sum: 0]
      [Scan RS (ms): Min: 0.0, Avg: 0.0, Max: 0.0, Diff: 0.0, Sum: 0.0]
      [Code Root Scanning (ms): Min: 0.0, Avg: 0.0, Max: 0.1, Diff: 0.1, Sum: 0.1]
      [Object Copy (ms): Min: 5.8, Avg: 6.0, Max: 6.2, Diff: 0.4, Sum: 60.5]
      [Termination (ms): Min: 0.0, Avg: 0.2, Max: 0.4, Diff: 0.4, Sum: 1.9]
         [Termination Attempts: Min: 1, Avg: 1.6, Max: 3, Diff: 2, Sum: 16]
      [GC Worker Other (ms): Min: 0.0, Avg: 0.0, Max: 0.0, Diff: 0.0, Sum: 0.2]
      [GC Worker Total (ms): Min: 6.3, Avg: 6.4, Max: 6.5, Diff: 0.2, Sum: 63.9]
      [GC Worker End (ms): Min: 135.4, Avg: 135.5, Max: 135.6, Diff: 0.2]
   [Code Root Fixup: 0.0 ms]
   [Code Root Purge: 0.0 ms]
   [Clear CT: 0.1 ms]
   [Other: 0.8 ms]
      [Choose CSet: 0.0 ms]
      [Ref Proc: 0.3 ms]
      [Ref Enq: 0.0 ms]
      [Redirty Cards: 0.1 ms]
      [Humongous Register: 0.0 ms]
      [Humongous Reclaim: 0.1 ms]
      [Free CSet: 0.1 ms]
   [Eden: 51.0M(51.0M)->0.0B(44.0M) Survivors: 0.0B->7168.0K Heap: 66.5M(1024.0M)->25.2M(1024.0M)]
 [Times: user=0.02 sys=0.03, real=0.01 secs] 
2021-07-03T09:39:40.900-0800: 0.154: [GC pause (G1 Evacuation Pause) (young), 0.0055606 secs]
   [Parallel Time: 4.8 ms, GC Workers: 10]
      [GC Worker Start (ms): Min: 154.3, Avg: 154.4, Max: 154.5, Diff: 0.2]
      [Ext Root Scanning (ms): Min: 0.0, Avg: 0.1, Max: 0.2, Diff: 0.2, Sum: 1.0]
      [Update RS (ms): Min: 0.3, Avg: 0.3, Max: 0.4, Diff: 0.1, Sum: 3.2]
         [Processed Buffers: Min: 3, Avg: 3.9, Max: 5, Diff: 2, Sum: 39]
      [Scan RS (ms): Min: 0.0, Avg: 0.0, Max: 0.0, Diff: 0.0, Sum: 0.0]
      [Code Root Scanning (ms): Min: 0.0, Avg: 0.0, Max: 0.0, Diff: 0.0, Sum: 0.0]
      [Object Copy (ms): Min: 3.5, Avg: 3.8, Max: 4.0, Diff: 0.6, Sum: 38.0]
      [Termination (ms): Min: 0.0, Avg: 0.3, Max: 0.7, Diff: 0.7, Sum: 2.8]
         [Termination Attempts: Min: 1, Avg: 1.1, Max: 2, Diff: 1, Sum: 11]
      [GC Worker Other (ms): Min: 0.0, Avg: 0.0, Max: 0.0, Diff: 0.0, Sum: 0.1]
      [GC Worker Total (ms): Min: 4.4, Avg: 4.5, Max: 4.7, Diff: 0.4, Sum: 45.2]
      [GC Worker End (ms): Min: 158.9, Avg: 158.9, Max: 159.1, Diff: 0.2]
   [Code Root Fixup: 0.0 ms]
   [Code Root Purge: 0.0 ms]
   [Clear CT: 0.1 ms]
   [Other: 0.6 ms]
      [Choose CSet: 0.0 ms]
      [Ref Proc: 0.3 ms]
      [Ref Enq: 0.0 ms]
      [Redirty Cards: 0.1 ms]
      [Humongous Register: 0.0 ms]
      [Humongous Reclaim: 0.0 ms]
      [Free CSet: 0.0 ms]
   [Eden: 44.0M(44.0M)->0.0B(44.0M) Survivors: 7168.0K->7168.0K Heap: 77.4M(1024.0M)->43.5M(1024.0M)]
 [Times: user=0.02 sys=0.03, real=0.00 secs] 
2021-07-03T09:39:40.923-0800: 0.177: [GC pause (G1 Evacuation Pause) (young), 0.0059806 secs]
   [Parallel Time: 5.3 ms, GC Workers: 10]
      [GC Worker Start (ms): Min: 176.7, Avg: 176.8, Max: 176.8, Diff: 0.2]
      [Ext Root Scanning (ms): Min: 0.0, Avg: 0.1, Max: 0.2, Diff: 0.2, Sum: 0.9]
      [Update RS (ms): Min: 0.5, Avg: 0.6, Max: 0.6, Diff: 0.1, Sum: 5.6]
         [Processed Buffers: Min: 3, Avg: 6.8, Max: 9, Diff: 6, Sum: 68]
      [Scan RS (ms): Min: 0.0, Avg: 0.0, Max: 0.0, Diff: 0.0, Sum: 0.0]
      [Code Root Scanning (ms): Min: 0.0, Avg: 0.0, Max: 0.0, Diff: 0.0, Sum: 0.0]
      [Object Copy (ms): Min: 4.0, Avg: 4.1, Max: 4.3, Diff: 0.4, Sum: 41.5]
      [Termination (ms): Min: 0.0, Avg: 0.2, Max: 0.4, Diff: 0.4, Sum: 2.3]
         [Termination Attempts: Min: 1, Avg: 1.0, Max: 1, Diff: 0, Sum: 10]
      [GC Worker Other (ms): Min: 0.0, Avg: 0.0, Max: 0.0, Diff: 0.0, Sum: 0.1]
      [GC Worker Total (ms): Min: 4.9, Avg: 5.0, Max: 5.1, Diff: 0.2, Sum: 50.4]
      [GC Worker End (ms): Min: 181.7, Avg: 181.8, Max: 181.9, Diff: 0.2]
   [Code Root Fixup: 0.0 ms]
   [Code Root Purge: 0.0 ms]
   [Clear CT: 0.2 ms]
   [Other: 0.6 ms]
      [Choose CSet: 0.0 ms]
      [Ref Proc: 0.2 ms]
      [Ref Enq: 0.0 ms]
      [Redirty Cards: 0.2 ms]
      [Humongous Register: 0.0 ms]
      [Humongous Reclaim: 0.0 ms]
      [Free CSet: 0.0 ms]
   [Eden: 44.0M(44.0M)->0.0B(44.0M) Survivors: 7168.0K->7168.0K Heap: 101.4M(1024.0M)->62.7M(1024.0M)]
 [Times: user=0.02 sys=0.03, real=0.00 secs] 
2021-07-03T09:39:40.939-0800: 0.193: [GC pause (G1 Evacuation Pause) (young), 0.0050247 secs]
   [Parallel Time: 4.4 ms, GC Workers: 10]
      [GC Worker Start (ms): Min: 193.2, Avg: 193.3, Max: 193.3, Diff: 0.2]
      [Ext Root Scanning (ms): Min: 0.0, Avg: 0.1, Max: 0.2, Diff: 0.2, Sum: 0.9]
      [Update RS (ms): Min: 0.4, Avg: 0.4, Max: 0.5, Diff: 0.1, Sum: 4.2]
         [Processed Buffers: Min: 4, Avg: 6.1, Max: 7, Diff: 3, Sum: 61]
      [Scan RS (ms): Min: 0.0, Avg: 0.0, Max: 0.0, Diff: 0.0, Sum: 0.0]
      [Code Root Scanning (ms): Min: 0.0, Avg: 0.0, Max: 0.0, Diff: 0.0, Sum: 0.0]
      [Object Copy (ms): Min: 3.2, Avg: 3.4, Max: 3.6, Diff: 0.3, Sum: 34.0]
      [Termination (ms): Min: 0.0, Avg: 0.2, Max: 0.4, Diff: 0.4, Sum: 2.5]
         [Termination Attempts: Min: 1, Avg: 1.0, Max: 1, Diff: 0, Sum: 10]
      [GC Worker Other (ms): Min: 0.0, Avg: 0.0, Max: 0.0, Diff: 0.0, Sum: 0.1]
      [GC Worker Total (ms): Min: 4.1, Avg: 4.2, Max: 4.3, Diff: 0.2, Sum: 41.7]
      [GC Worker End (ms): Min: 197.4, Avg: 197.4, Max: 197.6, Diff: 0.2]
   [Code Root Fixup: 0.0 ms]
   [Code Root Purge: 0.0 ms]
   [Clear CT: 0.1 ms]
   [Other: 0.5 ms]
      [Choose CSet: 0.0 ms]
      [Ref Proc: 0.2 ms]
      [Ref Enq: 0.0 ms]
      [Redirty Cards: 0.1 ms]
      [Humongous Register: 0.0 ms]
      [Humongous Reclaim: 0.0 ms]
      [Free CSet: 0.0 ms]
   [Eden: 44.0M(44.0M)->0.0B(44.0M) Survivors: 7168.0K->7168.0K Heap: 117.5M(1024.0M)->82.5M(1024.0M)]
 [Times: user=0.02 sys=0.02, real=0.01 secs] 
2021-07-03T09:39:40.958-0800: 0.212: [GC pause (G1 Evacuation Pause) (young), 0.0061150 secs]
   [Parallel Time: 5.3 ms, GC Workers: 10]
      [GC Worker Start (ms): Min: 211.6, Avg: 211.7, Max: 211.8, Diff: 0.1]
      [Ext Root Scanning (ms): Min: 0.0, Avg: 0.1, Max: 0.2, Diff: 0.1, Sum: 0.9]
      [Update RS (ms): Min: 0.4, Avg: 0.4, Max: 0.4, Diff: 0.0, Sum: 4.2]
         [Processed Buffers: Min: 5, Avg: 6.2, Max: 8, Diff: 3, Sum: 62]
      [Scan RS (ms): Min: 0.0, Avg: 0.0, Max: 0.0, Diff: 0.0, Sum: 0.0]
      [Code Root Scanning (ms): Min: 0.0, Avg: 0.0, Max: 0.0, Diff: 0.0, Sum: 0.0]
      [Object Copy (ms): Min: 4.1, Avg: 4.3, Max: 4.4, Diff: 0.3, Sum: 42.9]
      [Termination (ms): Min: 0.0, Avg: 0.2, Max: 0.4, Diff: 0.4, Sum: 2.3]
         [Termination Attempts: Min: 1, Avg: 1.0, Max: 1, Diff: 0, Sum: 10]
      [GC Worker Other (ms): Min: 0.0, Avg: 0.0, Max: 0.0, Diff: 0.0, Sum: 0.1]
      [GC Worker Total (ms): Min: 4.9, Avg: 5.0, Max: 5.2, Diff: 0.2, Sum: 50.3]
      [GC Worker End (ms): Min: 216.7, Avg: 216.8, Max: 216.8, Diff: 0.2]
   [Code Root Fixup: 0.0 ms]
   [Code Root Purge: 0.0 ms]
   [Clear CT: 0.1 ms]
   [Other: 0.7 ms]
      [Choose CSet: 0.0 ms]
      [Ref Proc: 0.4 ms]
      [Ref Enq: 0.0 ms]
      [Redirty Cards: 0.1 ms]
      [Humongous Register: 0.0 ms]
      [Humongous Reclaim: 0.0 ms]
      [Free CSet: 0.0 ms]
   [Eden: 44.0M(44.0M)->0.0B(44.0M) Survivors: 7168.0K->7168.0K Heap: 139.6M(1024.0M)->105.5M(1024.0M)]
 [Times: user=0.02 sys=0.03, real=0.01 secs] 
2021-07-03T09:39:40.972-0800: 0.225: [GC pause (G1 Evacuation Pause) (young), 0.0054425 secs]
   [Parallel Time: 4.7 ms, GC Workers: 10]
      [GC Worker Start (ms): Min: 225.5, Avg: 225.6, Max: 225.7, Diff: 0.2]
      [Ext Root Scanning (ms): Min: 0.0, Avg: 0.1, Max: 0.2, Diff: 0.2, Sum: 0.6]
      [Update RS (ms): Min: 0.1, Avg: 0.1, Max: 0.2, Diff: 0.1, Sum: 1.0]
         [Processed Buffers: Min: 1, Avg: 1.6, Max: 3, Diff: 2, Sum: 16]
      [Scan RS (ms): Min: 0.0, Avg: 0.0, Max: 0.0, Diff: 0.0, Sum: 0.1]
      [Code Root Scanning (ms): Min: 0.0, Avg: 0.0, Max: 0.0, Diff: 0.0, Sum: 0.0]
      [Object Copy (ms): Min: 3.7, Avg: 4.0, Max: 4.2, Diff: 0.5, Sum: 39.8]
      [Termination (ms): Min: 0.0, Avg: 0.3, Max: 0.6, Diff: 0.6, Sum: 3.1]
         [Termination Attempts: Min: 1, Avg: 1.0, Max: 1, Diff: 0, Sum: 10]
      [GC Worker Other (ms): Min: 0.0, Avg: 0.0, Max: 0.0, Diff: 0.0, Sum: 0.1]
      [GC Worker Total (ms): Min: 4.3, Avg: 4.5, Max: 4.7, Diff: 0.3, Sum: 44.6]
      [GC Worker End (ms): Min: 230.0, Avg: 230.1, Max: 230.1, Diff: 0.2]
   [Code Root Fixup: 0.0 ms]
   [Code Root Purge: 0.0 ms]
   [Clear CT: 0.1 ms]
   [Other: 0.6 ms]
      [Choose CSet: 0.0 ms]
      [Ref Proc: 0.3 ms]
      [Ref Enq: 0.0 ms]
      [Redirty Cards: 0.1 ms]
      [Humongous Register: 0.0 ms]
      [Humongous Reclaim: 0.0 ms]
      [Free CSet: 0.0 ms]
   [Eden: 44.0M(44.0M)->0.0B(44.0M) Survivors: 7168.0K->7168.0K Heap: 156.7M(1024.0M)->121.5M(1024.0M)]
 [Times: user=0.01 sys=0.02, real=0.00 secs] 
2021-07-03T09:39:40.987-0800: 0.241: [GC pause (G1 Evacuation Pause) (young), 0.0052211 secs]
   [Parallel Time: 4.6 ms, GC Workers: 10]
      [GC Worker Start (ms): Min: 241.3, Avg: 241.4, Max: 241.5, Diff: 0.2]
      [Ext Root Scanning (ms): Min: 0.0, Avg: 0.1, Max: 0.2, Diff: 0.2, Sum: 0.6]
      [Update RS (ms): Min: 0.1, Avg: 0.1, Max: 0.2, Diff: 0.0, Sum: 1.4]
         [Processed Buffers: Min: 1, Avg: 2.1, Max: 3, Diff: 2, Sum: 21]
      [Scan RS (ms): Min: 0.0, Avg: 0.0, Max: 0.0, Diff: 0.0, Sum: 0.0]
      [Code Root Scanning (ms): Min: 0.0, Avg: 0.0, Max: 0.0, Diff: 0.0, Sum: 0.0]
      [Object Copy (ms): Min: 3.8, Avg: 3.9, Max: 4.1, Diff: 0.3, Sum: 39.4]
      [Termination (ms): Min: 0.0, Avg: 0.2, Max: 0.4, Diff: 0.4, Sum: 1.7]
         [Termination Attempts: Min: 1, Avg: 1.0, Max: 1, Diff: 0, Sum: 10]
      [GC Worker Other (ms): Min: 0.0, Avg: 0.0, Max: 0.0, Diff: 0.0, Sum: 0.1]
      [GC Worker Total (ms): Min: 4.2, Avg: 4.3, Max: 4.5, Diff: 0.3, Sum: 43.3]
      [GC Worker End (ms): Min: 245.7, Avg: 245.8, Max: 245.9, Diff: 0.2]
   [Code Root Fixup: 0.0 ms]
   [Code Root Purge: 0.0 ms]
   [Clear CT: 0.1 ms]
   [Other: 0.5 ms]
      [Choose CSet: 0.0 ms]
      [Ref Proc: 0.2 ms]
      [Ref Enq: 0.0 ms]
      [Redirty Cards: 0.1 ms]
      [Humongous Register: 0.0 ms]
      [Humongous Reclaim: 0.0 ms]
      [Free CSet: 0.0 ms]
   [Eden: 44.0M(44.0M)->0.0B(44.0M) Survivors: 7168.0K->7168.0K Heap: 176.8M(1024.0M)->141.2M(1024.0M)]
 [Times: user=0.02 sys=0.03, real=0.01 secs] 
2021-07-03T09:39:41.004-0800: 0.258: [GC pause (G1 Evacuation Pause) (young), 0.0051018 secs]
   [Parallel Time: 4.4 ms, GC Workers: 10]
      [GC Worker Start (ms): Min: 258.1, Avg: 258.3, Max: 258.4, Diff: 0.3]
      [Ext Root Scanning (ms): Min: 0.0, Avg: 0.0, Max: 0.2, Diff: 0.2, Sum: 0.5]
      [Update RS (ms): Min: 0.2, Avg: 0.2, Max: 0.2, Diff: 0.1, Sum: 2.0]
         [Processed Buffers: Min: 2, Avg: 2.6, Max: 4, Diff: 2, Sum: 26]
      [Scan RS (ms): Min: 0.0, Avg: 0.0, Max: 0.0, Diff: 0.0, Sum: 0.0]
      [Code Root Scanning (ms): Min: 0.0, Avg: 0.0, Max: 0.0, Diff: 0.0, Sum: 0.0]
      [Object Copy (ms): Min: 3.4, Avg: 3.6, Max: 3.8, Diff: 0.4, Sum: 36.1]
      [Termination (ms): Min: 0.0, Avg: 0.3, Max: 0.6, Diff: 0.6, Sum: 2.6]
         [Termination Attempts: Min: 1, Avg: 1.0, Max: 1, Diff: 0, Sum: 10]
      [GC Worker Other (ms): Min: 0.0, Avg: 0.0, Max: 0.0, Diff: 0.0, Sum: 0.1]
      [GC Worker Total (ms): Min: 4.0, Avg: 4.1, Max: 4.4, Diff: 0.4, Sum: 41.3]
      [GC Worker End (ms): Min: 262.3, Avg: 262.4, Max: 262.5, Diff: 0.2]
   [Code Root Fixup: 0.0 ms]
   [Code Root Purge: 0.0 ms]
   [Clear CT: 0.2 ms]
   [Other: 0.5 ms]
      [Choose CSet: 0.0 ms]
      [Ref Proc: 0.2 ms]
      [Ref Enq: 0.0 ms]
      [Redirty Cards: 0.1 ms]
      [Humongous Register: 0.0 ms]
      [Humongous Reclaim: 0.0 ms]
      [Free CSet: 0.0 ms]
   [Eden: 44.0M(44.0M)->0.0B(44.0M) Survivors: 7168.0K->7168.0K Heap: 196.8M(1024.0M)->155.2M(1024.0M)]
 [Times: user=0.01 sys=0.02, real=0.00 secs] 
2021-07-03T09:39:41.018-0800: 0.271: [GC pause (G1 Evacuation Pause) (young), 0.0052241 secs]
   [Parallel Time: 4.5 ms, GC Workers: 10]
      [GC Worker Start (ms): Min: 271.6, Avg: 271.7, Max: 271.7, Diff: 0.2]
      [Ext Root Scanning (ms): Min: 0.0, Avg: 0.1, Max: 0.2, Diff: 0.2, Sum: 0.8]
      [Update RS (ms): Min: 0.2, Avg: 0.2, Max: 0.2, Diff: 0.0, Sum: 1.9]
         [Processed Buffers: Min: 1, Avg: 2.6, Max: 3, Diff: 2, Sum: 26]
      [Scan RS (ms): Min: 0.0, Avg: 0.0, Max: 0.0, Diff: 0.0, Sum: 0.0]
      [Code Root Scanning (ms): Min: 0.0, Avg: 0.0, Max: 0.0, Diff: 0.0, Sum: 0.0]
      [Object Copy (ms): Min: 3.5, Avg: 3.7, Max: 3.9, Diff: 0.4, Sum: 36.9]
      [Termination (ms): Min: 0.0, Avg: 0.2, Max: 0.4, Diff: 0.4, Sum: 2.2]
         [Termination Attempts: Min: 1, Avg: 1.3, Max: 2, Diff: 1, Sum: 13]
      [GC Worker Other (ms): Min: 0.0, Avg: 0.0, Max: 0.0, Diff: 0.0, Sum: 0.1]
      [GC Worker Total (ms): Min: 4.1, Avg: 4.2, Max: 4.4, Diff: 0.3, Sum: 41.9]
      [GC Worker End (ms): Min: 275.8, Avg: 275.9, Max: 276.0, Diff: 0.2]
   [Code Root Fixup: 0.0 ms]
   [Code Root Purge: 0.0 ms]
   [Clear CT: 0.2 ms]
   [Other: 0.6 ms]
      [Choose CSet: 0.0 ms]
      [Ref Proc: 0.2 ms]
      [Ref Enq: 0.0 ms]
      [Redirty Cards: 0.2 ms]
      [Humongous Register: 0.0 ms]
      [Humongous Reclaim: 0.0 ms]
      [Free CSet: 0.0 ms]
   [Eden: 44.0M(44.0M)->0.0B(44.0M) Survivors: 7168.0K->7168.0K Heap: 209.9M(1024.0M)->175.4M(1024.0M)]
 [Times: user=0.01 sys=0.02, real=0.01 secs] 
2021-07-03T09:39:41.035-0800: 0.289: [GC pause (G1 Evacuation Pause) (young), 0.0049087 secs]
   [Parallel Time: 4.2 ms, GC Workers: 10]
      [GC Worker Start (ms): Min: 289.2, Avg: 289.3, Max: 289.3, Diff: 0.1]
      [Ext Root Scanning (ms): Min: 0.1, Avg: 0.1, Max: 0.2, Diff: 0.1, Sum: 1.1]
      [Update RS (ms): Min: 0.2, Avg: 0.2, Max: 0.2, Diff: 0.0, Sum: 1.9]
         [Processed Buffers: Min: 2, Avg: 2.5, Max: 3, Diff: 1, Sum: 25]
      [Scan RS (ms): Min: 0.0, Avg: 0.0, Max: 0.0, Diff: 0.0, Sum: 0.0]
      [Code Root Scanning (ms): Min: 0.0, Avg: 0.0, Max: 0.0, Diff: 0.0, Sum: 0.0]
      [Object Copy (ms): Min: 3.3, Avg: 3.4, Max: 3.6, Diff: 0.3, Sum: 34.4]
      [Termination (ms): Min: 0.0, Avg: 0.3, Max: 0.4, Diff: 0.4, Sum: 2.5]
         [Termination Attempts: Min: 1, Avg: 1.2, Max: 2, Diff: 1, Sum: 12]
      [GC Worker Other (ms): Min: 0.0, Avg: 0.0, Max: 0.0, Diff: 0.0, Sum: 0.1]
      [GC Worker Total (ms): Min: 3.9, Avg: 4.0, Max: 4.1, Diff: 0.2, Sum: 40.0]
      [GC Worker End (ms): Min: 293.2, Avg: 293.3, Max: 293.3, Diff: 0.1]
   [Code Root Fixup: 0.0 ms]
   [Code Root Purge: 0.0 ms]
   [Clear CT: 0.1 ms]
   [Other: 0.6 ms]
      [Choose CSet: 0.0 ms]
      [Ref Proc: 0.3 ms]
      [Ref Enq: 0.0 ms]
      [Redirty Cards: 0.1 ms]
      [Humongous Register: 0.1 ms]
      [Humongous Reclaim: 0.0 ms]
      [Free CSet: 0.0 ms]
   [Eden: 44.0M(44.0M)->0.0B(44.0M) Survivors: 7168.0K->7168.0K Heap: 233.0M(1024.0M)->191.7M(1024.0M)]
 [Times: user=0.01 sys=0.03, real=0.01 secs] 
2021-07-03T09:39:41.049-0800: 0.303: [GC pause (G1 Evacuation Pause) (young), 0.0046272 secs]
   [Parallel Time: 4.0 ms, GC Workers: 10]
      [GC Worker Start (ms): Min: 302.9, Avg: 303.0, Max: 303.0, Diff: 0.2]
      [Ext Root Scanning (ms): Min: 0.0, Avg: 0.1, Max: 0.2, Diff: 0.2, Sum: 0.7]
      [Update RS (ms): Min: 0.2, Avg: 0.2, Max: 0.2, Diff: 0.1, Sum: 1.9]
         [Processed Buffers: Min: 1, Avg: 2.6, Max: 3, Diff: 2, Sum: 26]
      [Scan RS (ms): Min: 0.0, Avg: 0.0, Max: 0.0, Diff: 0.0, Sum: 0.0]
      [Code Root Scanning (ms): Min: 0.0, Avg: 0.0, Max: 0.0, Diff: 0.0, Sum: 0.0]
      [Object Copy (ms): Min: 3.0, Avg: 3.2, Max: 3.4, Diff: 0.4, Sum: 32.0]
      [Termination (ms): Min: 0.0, Avg: 0.3, Max: 0.4, Diff: 0.4, Sum: 2.5]
         [Termination Attempts: Min: 1, Avg: 1.3, Max: 2, Diff: 1, Sum: 13]
      [GC Worker Other (ms): Min: 0.0, Avg: 0.0, Max: 0.0, Diff: 0.0, Sum: 0.1]
      [GC Worker Total (ms): Min: 3.6, Avg: 3.7, Max: 3.8, Diff: 0.2, Sum: 37.3]
      [GC Worker End (ms): Min: 306.6, Avg: 306.7, Max: 306.8, Diff: 0.1]
   [Code Root Fixup: 0.0 ms]
   [Code Root Purge: 0.0 ms]
   [Clear CT: 0.1 ms]
   [Other: 0.6 ms]
      [Choose CSet: 0.0 ms]
      [Ref Proc: 0.3 ms]
      [Ref Enq: 0.0 ms]
      [Redirty Cards: 0.1 ms]
      [Humongous Register: 0.1 ms]
      [Humongous Reclaim: 0.0 ms]
      [Free CSet: 0.0 ms]
   [Eden: 44.0M(44.0M)->0.0B(44.0M) Survivors: 7168.0K->7168.0K Heap: 244.1M(1024.0M)->209.0M(1024.0M)]
 [Times: user=0.02 sys=0.01, real=0.01 secs] 
2021-07-03T09:39:41.065-0800: 0.319: [GC pause (G1 Evacuation Pause) (young), 0.0053486 secs]
   [Parallel Time: 4.6 ms, GC Workers: 10]
      [GC Worker Start (ms): Min: 318.9, Avg: 319.0, Max: 319.1, Diff: 0.1]
      [Ext Root Scanning (ms): Min: 0.0, Avg: 0.1, Max: 0.2, Diff: 0.1, Sum: 0.9]
      [Update RS (ms): Min: 0.2, Avg: 0.2, Max: 0.2, Diff: 0.1, Sum: 1.9]
         [Processed Buffers: Min: 1, Avg: 2.5, Max: 3, Diff: 2, Sum: 25]
      [Scan RS (ms): Min: 0.0, Avg: 0.0, Max: 0.0, Diff: 0.0, Sum: 0.0]
      [Code Root Scanning (ms): Min: 0.0, Avg: 0.0, Max: 0.0, Diff: 0.0, Sum: 0.0]
      [Object Copy (ms): Min: 3.7, Avg: 3.8, Max: 4.1, Diff: 0.3, Sum: 38.4]
      [Termination (ms): Min: 0.0, Avg: 0.3, Max: 0.4, Diff: 0.4, Sum: 3.0]
         [Termination Attempts: Min: 1, Avg: 1.1, Max: 2, Diff: 1, Sum: 11]
      [GC Worker Other (ms): Min: 0.0, Avg: 0.0, Max: 0.0, Diff: 0.0, Sum: 0.1]
      [GC Worker Total (ms): Min: 4.3, Avg: 4.4, Max: 4.5, Diff: 0.2, Sum: 44.3]
      [GC Worker End (ms): Min: 323.4, Avg: 323.5, Max: 323.6, Diff: 0.2]
   [Code Root Fixup: 0.0 ms]
   [Code Root Purge: 0.0 ms]
   [Clear CT: 0.1 ms]
   [Other: 0.6 ms]
      [Choose CSet: 0.0 ms]
      [Ref Proc: 0.2 ms]
      [Ref Enq: 0.0 ms]
      [Redirty Cards: 0.1 ms]
      [Humongous Register: 0.1 ms]
      [Humongous Reclaim: 0.1 ms]
      [Free CSet: 0.0 ms]
   [Eden: 44.0M(44.0M)->0.0B(44.0M) Survivors: 7168.0K->7168.0K Heap: 265.8M(1024.0M)->228.0M(1024.0M)]
 [Times: user=0.02 sys=0.03, real=0.01 secs] 
2021-07-03T09:39:41.079-0800: 0.333: [GC pause (G1 Evacuation Pause) (young), 0.0050831 secs]
   [Parallel Time: 4.4 ms, GC Workers: 10]
      [GC Worker Start (ms): Min: 333.3, Avg: 333.4, Max: 333.5, Diff: 0.2]
      [Ext Root Scanning (ms): Min: 0.0, Avg: 0.1, Max: 0.2, Diff: 0.2, Sum: 0.8]
      [Update RS (ms): Min: 0.2, Avg: 0.2, Max: 0.2, Diff: 0.1, Sum: 2.1]
         [Processed Buffers: Min: 1, Avg: 2.6, Max: 3, Diff: 2, Sum: 26]
      [Scan RS (ms): Min: 0.0, Avg: 0.0, Max: 0.0, Diff: 0.0, Sum: 0.0]
      [Code Root Scanning (ms): Min: 0.0, Avg: 0.0, Max: 0.0, Diff: 0.0, Sum: 0.0]
      [Object Copy (ms): Min: 3.3, Avg: 3.5, Max: 3.7, Diff: 0.5, Sum: 34.8]
      [Termination (ms): Min: 0.0, Avg: 0.4, Max: 0.6, Diff: 0.6, Sum: 3.9]
         [Termination Attempts: Min: 1, Avg: 1.1, Max: 2, Diff: 1, Sum: 11]
      [GC Worker Other (ms): Min: 0.0, Avg: 0.0, Max: 0.0, Diff: 0.0, Sum: 0.1]
      [GC Worker Total (ms): Min: 4.0, Avg: 4.2, Max: 4.3, Diff: 0.3, Sum: 41.7]
      [GC Worker End (ms): Min: 337.5, Avg: 337.6, Max: 337.7, Diff: 0.2]
   [Code Root Fixup: 0.0 ms]
   [Code Root Purge: 0.0 ms]
   [Clear CT: 0.1 ms]
   [Other: 0.6 ms]
      [Choose CSet: 0.0 ms]
      [Ref Proc: 0.2 ms]
      [Ref Enq: 0.0 ms]
      [Redirty Cards: 0.1 ms]
      [Humongous Register: 0.1 ms]
      [Humongous Reclaim: 0.0 ms]
      [Free CSet: 0.0 ms]
   [Eden: 44.0M(44.0M)->0.0B(44.0M) Survivors: 7168.0K->7168.0K Heap: 282.0M(1024.0M)->242.3M(1024.0M)]
 [Times: user=0.01 sys=0.02, real=0.01 secs] 
2021-07-03T09:39:41.094-0800: 0.348: [GC pause (G1 Evacuation Pause) (young), 0.0048390 secs]
   [Parallel Time: 4.1 ms, GC Workers: 10]
      [GC Worker Start (ms): Min: 348.1, Avg: 348.2, Max: 348.3, Diff: 0.2]
      [Ext Root Scanning (ms): Min: 0.0, Avg: 0.1, Max: 0.2, Diff: 0.2, Sum: 0.7]
      [Update RS (ms): Min: 0.2, Avg: 0.2, Max: 0.2, Diff: 0.1, Sum: 2.1]
         [Processed Buffers: Min: 1, Avg: 2.8, Max: 3, Diff: 2, Sum: 28]
      [Scan RS (ms): Min: 0.0, Avg: 0.0, Max: 0.0, Diff: 0.0, Sum: 0.0]
      [Code Root Scanning (ms): Min: 0.0, Avg: 0.0, Max: 0.0, Diff: 0.0, Sum: 0.0]
      [Object Copy (ms): Min: 3.1, Avg: 3.3, Max: 3.5, Diff: 0.5, Sum: 33.2]
      [Termination (ms): Min: 0.0, Avg: 0.3, Max: 0.4, Diff: 0.4, Sum: 2.6]
         [Termination Attempts: Min: 1, Avg: 1.0, Max: 1, Diff: 0, Sum: 10]
      [GC Worker Other (ms): Min: 0.0, Avg: 0.0, Max: 0.0, Diff: 0.0, Sum: 0.1]
      [GC Worker Total (ms): Min: 3.8, Avg: 3.9, Max: 4.0, Diff: 0.3, Sum: 38.8]
      [GC Worker End (ms): Min: 352.0, Avg: 352.1, Max: 352.2, Diff: 0.2]
   [Code Root Fixup: 0.0 ms]
   [Code Root Purge: 0.0 ms]
   [Clear CT: 0.1 ms]
   [Other: 0.6 ms]
      [Choose CSet: 0.0 ms]
      [Ref Proc: 0.3 ms]
      [Ref Enq: 0.0 ms]
      [Redirty Cards: 0.1 ms]
      [Humongous Register: 0.1 ms]
      [Humongous Reclaim: 0.0 ms]
      [Free CSet: 0.0 ms]
   [Eden: 44.0M(44.0M)->0.0B(44.0M) Survivors: 7168.0K->7168.0K Heap: 294.3M(1024.0M)->259.9M(1024.0M)]
 [Times: user=0.01 sys=0.02, real=0.00 secs] 
2021-07-03T09:39:41.112-0800: 0.365: [GC pause (G1 Evacuation Pause) (young), 0.0054906 secs]
   [Parallel Time: 4.6 ms, GC Workers: 10]
      [GC Worker Start (ms): Min: 365.4, Avg: 365.5, Max: 365.5, Diff: 0.2]
      [Ext Root Scanning (ms): Min: 0.0, Avg: 0.1, Max: 0.2, Diff: 0.2, Sum: 0.9]
      [Update RS (ms): Min: 0.2, Avg: 0.2, Max: 0.2, Diff: 0.1, Sum: 2.0]
         [Processed Buffers: Min: 0, Avg: 2.6, Max: 3, Diff: 3, Sum: 26]
      [Scan RS (ms): Min: 0.0, Avg: 0.0, Max: 0.0, Diff: 0.0, Sum: 0.0]
      [Code Root Scanning (ms): Min: 0.0, Avg: 0.0, Max: 0.0, Diff: 0.0, Sum: 0.0]
      [Object Copy (ms): Min: 3.7, Avg: 3.8, Max: 4.0, Diff: 0.3, Sum: 38.2]
      [Termination (ms): Min: 0.0, Avg: 0.3, Max: 0.4, Diff: 0.4, Sum: 2.8]
         [Termination Attempts: Min: 1, Avg: 1.0, Max: 1, Diff: 0, Sum: 10]
      [GC Worker Other (ms): Min: 0.0, Avg: 0.0, Max: 0.0, Diff: 0.0, Sum: 0.1]
      [GC Worker Total (ms): Min: 4.3, Avg: 4.4, Max: 4.6, Diff: 0.3, Sum: 44.0]
      [GC Worker End (ms): Min: 369.8, Avg: 369.9, Max: 369.9, Diff: 0.2]
   [Code Root Fixup: 0.0 ms]
   [Code Root Purge: 0.0 ms]
   [Clear CT: 0.1 ms]
   [Other: 0.8 ms]
      [Choose CSet: 0.0 ms]
      [Ref Proc: 0.4 ms]
      [Ref Enq: 0.0 ms]
      [Redirty Cards: 0.1 ms]
      [Humongous Register: 0.1 ms]
      [Humongous Reclaim: 0.1 ms]
      [Free CSet: 0.0 ms]
   [Eden: 44.0M(44.0M)->0.0B(44.0M) Survivors: 7168.0K->7168.0K Heap: 316.9M(1024.0M)->274.4M(1024.0M)]
 [Times: user=0.01 sys=0.03, real=0.00 secs] 
2021-07-03T09:39:41.126-0800: 0.379: [GC pause (G1 Evacuation Pause) (young), 0.0045208 secs]
   [Parallel Time: 3.8 ms, GC Workers: 10]
      [GC Worker Start (ms): Min: 379.4, Avg: 379.5, Max: 379.5, Diff: 0.1]
      [Ext Root Scanning (ms): Min: 0.0, Avg: 0.1, Max: 0.2, Diff: 0.1, Sum: 0.9]
      [Update RS (ms): Min: 0.2, Avg: 0.2, Max: 0.2, Diff: 0.1, Sum: 2.2]
         [Processed Buffers: Min: 1, Avg: 2.8, Max: 3, Diff: 2, Sum: 28]
      [Scan RS (ms): Min: 0.0, Avg: 0.0, Max: 0.0, Diff: 0.0, Sum: 0.0]
      [Code Root Scanning (ms): Min: 0.0, Avg: 0.0, Max: 0.0, Diff: 0.0, Sum: 0.0]
      [Object Copy (ms): Min: 2.9, Avg: 3.1, Max: 3.2, Diff: 0.3, Sum: 30.6]
      [Termination (ms): Min: 0.0, Avg: 0.2, Max: 0.4, Diff: 0.4, Sum: 2.4]
         [Termination Attempts: Min: 1, Avg: 1.0, Max: 1, Diff: 0, Sum: 10]
      [GC Worker Other (ms): Min: 0.0, Avg: 0.0, Max: 0.0, Diff: 0.0, Sum: 0.1]
      [GC Worker Total (ms): Min: 3.5, Avg: 3.6, Max: 3.8, Diff: 0.3, Sum: 36.2]
      [GC Worker End (ms): Min: 383.0, Avg: 383.1, Max: 383.2, Diff: 0.2]
   [Code Root Fixup: 0.0 ms]
   [Code Root Purge: 0.0 ms]
   [Clear CT: 0.1 ms]
   [Other: 0.6 ms]
      [Choose CSet: 0.0 ms]
      [Ref Proc: 0.3 ms]
      [Ref Enq: 0.0 ms]
      [Redirty Cards: 0.1 ms]
      [Humongous Register: 0.1 ms]
      [Humongous Reclaim: 0.0 ms]
      [Free CSet: 0.0 ms]
   [Eden: 44.0M(44.0M)->0.0B(44.0M) Survivors: 7168.0K->7168.0K Heap: 330.5M(1024.0M)->285.3M(1024.0M)]
 [Times: user=0.01 sys=0.02, real=0.01 secs] 
2021-07-03T09:39:41.138-0800: 0.392: [GC pause (G1 Evacuation Pause) (young), 0.0057195 secs]
   [Parallel Time: 4.9 ms, GC Workers: 10]
      [GC Worker Start (ms): Min: 392.2, Avg: 392.4, Max: 392.4, Diff: 0.2]
      [Ext Root Scanning (ms): Min: 0.0, Avg: 0.1, Max: 0.2, Diff: 0.2, Sum: 0.7]
      [Update RS (ms): Min: 0.3, Avg: 0.3, Max: 0.3, Diff: 0.1, Sum: 3.0]
         [Processed Buffers: Min: 1, Avg: 3.8, Max: 5, Diff: 4, Sum: 38]
      [Scan RS (ms): Min: 0.0, Avg: 0.0, Max: 0.0, Diff: 0.0, Sum: 0.0]
      [Code Root Scanning (ms): Min: 0.0, Avg: 0.0, Max: 0.0, Diff: 0.0, Sum: 0.0]
      [Object Copy (ms): Min: 3.9, Avg: 4.1, Max: 4.3, Diff: 0.4, Sum: 40.9]
      [Termination (ms): Min: 0.0, Avg: 0.3, Max: 0.4, Diff: 0.4, Sum: 2.6]
         [Termination Attempts: Min: 1, Avg: 1.0, Max: 1, Diff: 0, Sum: 10]
      [GC Worker Other (ms): Min: 0.0, Avg: 0.0, Max: 0.0, Diff: 0.0, Sum: 0.1]
      [GC Worker Total (ms): Min: 4.6, Avg: 4.7, Max: 4.9, Diff: 0.3, Sum: 47.3]
      [GC Worker End (ms): Min: 397.0, Avg: 397.1, Max: 397.2, Diff: 0.1]
   [Code Root Fixup: 0.0 ms]
   [Code Root Purge: 0.0 ms]
   [Clear CT: 0.1 ms]
   [Other: 0.6 ms]
      [Choose CSet: 0.0 ms]
      [Ref Proc: 0.3 ms]
      [Ref Enq: 0.0 ms]
      [Redirty Cards: 0.1 ms]
      [Humongous Register: 0.1 ms]
      [Humongous Reclaim: 0.1 ms]
      [Free CSet: 0.0 ms]
   [Eden: 44.0M(44.0M)->0.0B(44.0M) Survivors: 7168.0K->7168.0K Heap: 343.0M(1024.0M)->299.3M(1024.0M)]
 [Times: user=0.01 sys=0.02, real=0.01 secs] 
2021-07-03T09:39:41.153-0800: 0.407: [GC pause (G1 Evacuation Pause) (young), 0.0049270 secs]
   [Parallel Time: 4.2 ms, GC Workers: 10]
      [GC Worker Start (ms): Min: 406.7, Avg: 406.8, Max: 406.8, Diff: 0.2]
      [Ext Root Scanning (ms): Min: 0.0, Avg: 0.1, Max: 0.2, Diff: 0.2, Sum: 0.7]
      [Update RS (ms): Min: 0.3, Avg: 0.3, Max: 0.3, Diff: 0.1, Sum: 3.1]
         [Processed Buffers: Min: 1, Avg: 3.8, Max: 5, Diff: 4, Sum: 38]
      [Scan RS (ms): Min: 0.0, Avg: 0.0, Max: 0.0, Diff: 0.0, Sum: 0.0]
      [Code Root Scanning (ms): Min: 0.0, Avg: 0.0, Max: 0.0, Diff: 0.0, Sum: 0.0]
      [Object Copy (ms): Min: 3.1, Avg: 3.3, Max: 3.5, Diff: 0.3, Sum: 33.2]
      [Termination (ms): Min: 0.0, Avg: 0.2, Max: 0.4, Diff: 0.4, Sum: 1.8]
         [Termination Attempts: Min: 1, Avg: 1.0, Max: 1, Diff: 0, Sum: 10]
      [GC Worker Other (ms): Min: 0.0, Avg: 0.0, Max: 0.0, Diff: 0.0, Sum: 0.1]
      [GC Worker Total (ms): Min: 3.8, Avg: 3.9, Max: 4.0, Diff: 0.2, Sum: 38.8]
      [GC Worker End (ms): Min: 410.6, Avg: 410.7, Max: 410.8, Diff: 0.2]
   [Code Root Fixup: 0.0 ms]
   [Code Root Purge: 0.0 ms]
   [Clear CT: 0.1 ms]
   [Other: 0.6 ms]
      [Choose CSet: 0.0 ms]
      [Ref Proc: 0.3 ms]
      [Ref Enq: 0.0 ms]
      [Redirty Cards: 0.1 ms]
      [Humongous Register: 0.1 ms]
      [Humongous Reclaim: 0.0 ms]
      [Free CSet: 0.0 ms]
   [Eden: 44.0M(44.0M)->0.0B(44.0M) Survivors: 7168.0K->7168.0K Heap: 355.5M(1024.0M)->314.1M(1024.0M)]
 [Times: user=0.02 sys=0.02, real=0.00 secs] 
2021-07-03T09:39:41.165-0800: 0.419: [GC pause (G1 Evacuation Pause) (young), 0.0058009 secs]
   [Parallel Time: 4.9 ms, GC Workers: 10]
      [GC Worker Start (ms): Min: 419.3, Avg: 419.5, Max: 419.5, Diff: 0.2]
      [Ext Root Scanning (ms): Min: 0.0, Avg: 0.1, Max: 0.2, Diff: 0.2, Sum: 0.6]
      [Update RS (ms): Min: 0.3, Avg: 0.3, Max: 0.4, Diff: 0.1, Sum: 3.4]
         [Processed Buffers: Min: 3, Avg: 4.3, Max: 6, Diff: 3, Sum: 43]
      [Scan RS (ms): Min: 0.0, Avg: 0.0, Max: 0.0, Diff: 0.0, Sum: 0.0]
      [Code Root Scanning (ms): Min: 0.0, Avg: 0.0, Max: 0.0, Diff: 0.0, Sum: 0.0]
      [Object Copy (ms): Min: 3.7, Avg: 3.9, Max: 4.1, Diff: 0.4, Sum: 38.7]
      [Termination (ms): Min: 0.0, Avg: 0.3, Max: 0.6, Diff: 0.6, Sum: 3.5]
         [Termination Attempts: Min: 1, Avg: 1.0, Max: 1, Diff: 0, Sum: 10]
      [GC Worker Other (ms): Min: 0.0, Avg: 0.0, Max: 0.0, Diff: 0.0, Sum: 0.1]
      [GC Worker Total (ms): Min: 4.5, Avg: 4.6, Max: 4.7, Diff: 0.2, Sum: 46.4]
      [GC Worker End (ms): Min: 424.0, Avg: 424.1, Max: 424.2, Diff: 0.2]
   [Code Root Fixup: 0.0 ms]
   [Code Root Purge: 0.0 ms]
   [Clear CT: 0.1 ms]
   [Other: 0.8 ms]
      [Choose CSet: 0.0 ms]
      [Ref Proc: 0.5 ms]
      [Ref Enq: 0.0 ms]
      [Redirty Cards: 0.1 ms]
      [Humongous Register: 0.1 ms]
      [Humongous Reclaim: 0.0 ms]
      [Free CSet: 0.0 ms]
   [Eden: 44.0M(44.0M)->0.0B(44.0M) Survivors: 7168.0K->7168.0K Heap: 367.4M(1024.0M)->325.5M(1024.0M)]
 [Times: user=0.01 sys=0.03, real=0.01 secs] 
2021-07-03T09:39:41.181-0800: 0.435: [GC pause (G1 Evacuation Pause) (young), 0.0052660 secs]
   [Parallel Time: 4.6 ms, GC Workers: 10]
      [GC Worker Start (ms): Min: 434.9, Avg: 435.0, Max: 435.0, Diff: 0.1]
      [Ext Root Scanning (ms): Min: 0.0, Avg: 0.1, Max: 0.2, Diff: 0.1, Sum: 0.9]
      [Update RS (ms): Min: 0.3, Avg: 0.3, Max: 0.3, Diff: 0.0, Sum: 3.3]
         [Processed Buffers: Min: 2, Avg: 4.1, Max: 5, Diff: 3, Sum: 41]
      [Scan RS (ms): Min: 0.0, Avg: 0.0, Max: 0.0, Diff: 0.0, Sum: 0.0]
      [Code Root Scanning (ms): Min: 0.0, Avg: 0.0, Max: 0.0, Diff: 0.0, Sum: 0.0]
      [Object Copy (ms): Min: 3.4, Avg: 3.6, Max: 3.9, Diff: 0.5, Sum: 36.1]
      [Termination (ms): Min: 0.0, Avg: 0.4, Max: 0.6, Diff: 0.6, Sum: 3.8]
         [Termination Attempts: Min: 1, Avg: 1.0, Max: 1, Diff: 0, Sum: 10]
      [GC Worker Other (ms): Min: 0.0, Avg: 0.0, Max: 0.0, Diff: 0.0, Sum: 0.1]
      [GC Worker Total (ms): Min: 4.3, Avg: 4.4, Max: 4.6, Diff: 0.3, Sum: 44.2]
      [GC Worker End (ms): Min: 439.3, Avg: 439.4, Max: 439.5, Diff: 0.2]
   [Code Root Fixup: 0.0 ms]
   [Code Root Purge: 0.0 ms]
   [Clear CT: 0.1 ms]
   [Other: 0.5 ms]
      [Choose CSet: 0.0 ms]
      [Ref Proc: 0.1 ms]
      [Ref Enq: 0.0 ms]
      [Redirty Cards: 0.1 ms]
      [Humongous Register: 0.1 ms]
      [Humongous Reclaim: 0.0 ms]
      [Free CSet: 0.0 ms]
   [Eden: 44.0M(44.0M)->0.0B(44.0M) Survivors: 7168.0K->7168.0K Heap: 383.1M(1024.0M)->343.1M(1024.0M)]
 [Times: user=0.01 sys=0.02, real=0.00 secs] 
2021-07-03T09:39:41.201-0800: 0.454: [GC pause (G1 Evacuation Pause) (young), 0.0058013 secs]
   [Parallel Time: 5.1 ms, GC Workers: 10]
      [GC Worker Start (ms): Min: 454.4, Avg: 454.4, Max: 454.5, Diff: 0.1]
      [Ext Root Scanning (ms): Min: 0.0, Avg: 0.1, Max: 0.2, Diff: 0.1, Sum: 0.8]
      [Update RS (ms): Min: 0.3, Avg: 0.4, Max: 0.4, Diff: 0.1, Sum: 3.6]
         [Processed Buffers: Min: 2, Avg: 4.5, Max: 6, Diff: 4, Sum: 45]
      [Scan RS (ms): Min: 0.0, Avg: 0.0, Max: 0.0, Diff: 0.0, Sum: 0.0]
      [Code Root Scanning (ms): Min: 0.0, Avg: 0.0, Max: 0.0, Diff: 0.0, Sum: 0.0]
      [Object Copy (ms): Min: 4.0, Avg: 4.2, Max: 4.4, Diff: 0.4, Sum: 41.8]
      [Termination (ms): Min: 0.0, Avg: 0.3, Max: 0.4, Diff: 0.4, Sum: 3.0]
         [Termination Attempts: Min: 1, Avg: 1.0, Max: 1, Diff: 0, Sum: 10]
      [GC Worker Other (ms): Min: 0.0, Avg: 0.0, Max: 0.0, Diff: 0.0, Sum: 0.1]
      [GC Worker Total (ms): Min: 4.8, Avg: 4.9, Max: 5.0, Diff: 0.2, Sum: 49.3]
      [GC Worker End (ms): Min: 459.3, Avg: 459.4, Max: 459.4, Diff: 0.1]
   [Code Root Fixup: 0.0 ms]
   [Code Root Purge: 0.0 ms]
   [Clear CT: 0.2 ms]
   [Other: 0.5 ms]
      [Choose CSet: 0.0 ms]
      [Ref Proc: 0.2 ms]
      [Ref Enq: 0.0 ms]
      [Redirty Cards: 0.1 ms]
      [Humongous Register: 0.1 ms]
      [Humongous Reclaim: 0.1 ms]
      [Free CSet: 0.0 ms]
   [Eden: 44.0M(44.0M)->0.0B(44.0M) Survivors: 7168.0K->7168.0K Heap: 409.2M(1024.0M)->364.7M(1024.0M)]
 [Times: user=0.02 sys=0.03, real=0.00 secs] 
2021-07-03T09:39:41.215-0800: 0.469: [GC pause (G1 Evacuation Pause) (young), 0.0045076 secs]
   [Parallel Time: 3.8 ms, GC Workers: 10]
      [GC Worker Start (ms): Min: 468.6, Avg: 468.7, Max: 468.8, Diff: 0.2]
      [Ext Root Scanning (ms): Min: 0.0, Avg: 0.1, Max: 0.2, Diff: 0.2, Sum: 0.8]
      [Update RS (ms): Min: 0.3, Avg: 0.4, Max: 0.4, Diff: 0.1, Sum: 3.8]
         [Processed Buffers: Min: 2, Avg: 4.8, Max: 6, Diff: 4, Sum: 48]
      [Scan RS (ms): Min: 0.0, Avg: 0.0, Max: 0.0, Diff: 0.0, Sum: 0.0]
      [Code Root Scanning (ms): Min: 0.0, Avg: 0.0, Max: 0.0, Diff: 0.0, Sum: 0.0]
      [Object Copy (ms): Min: 2.7, Avg: 2.8, Max: 3.0, Diff: 0.3, Sum: 28.2]
      [Termination (ms): Min: 0.0, Avg: 0.3, Max: 0.4, Diff: 0.4, Sum: 3.1]
         [Termination Attempts: Min: 1, Avg: 1.0, Max: 1, Diff: 0, Sum: 10]
      [GC Worker Other (ms): Min: 0.0, Avg: 0.0, Max: 0.0, Diff: 0.0, Sum: 0.1]
      [GC Worker Total (ms): Min: 3.5, Avg: 3.6, Max: 3.7, Diff: 0.3, Sum: 36.0]
      [GC Worker End (ms): Min: 472.2, Avg: 472.3, Max: 472.4, Diff: 0.1]
   [Code Root Fixup: 0.0 ms]
   [Code Root Purge: 0.0 ms]
   [Clear CT: 0.1 ms]
   [Other: 0.6 ms]
      [Choose CSet: 0.0 ms]
      [Ref Proc: 0.3 ms]
      [Ref Enq: 0.0 ms]
      [Redirty Cards: 0.1 ms]
      [Humongous Register: 0.1 ms]
      [Humongous Reclaim: 0.0 ms]
      [Free CSet: 0.0 ms]
   [Eden: 44.0M(44.0M)->0.0B(44.0M) Survivors: 7168.0K->7168.0K Heap: 420.2M(1024.0M)->376.9M(1024.0M)]
 [Times: user=0.02 sys=0.01, real=0.00 secs] 
2021-07-03T09:39:41.229-0800: 0.483: [GC pause (G1 Evacuation Pause) (young), 0.0053920 secs]
   [Parallel Time: 4.8 ms, GC Workers: 10]
      [GC Worker Start (ms): Min: 482.8, Avg: 482.9, Max: 482.9, Diff: 0.2]
      [Ext Root Scanning (ms): Min: 0.0, Avg: 0.1, Max: 0.2, Diff: 0.2, Sum: 0.7]
      [Update RS (ms): Min: 0.4, Avg: 0.4, Max: 0.4, Diff: 0.0, Sum: 4.1]
         [Processed Buffers: Min: 3, Avg: 5.1, Max: 6, Diff: 3, Sum: 51]
      [Scan RS (ms): Min: 0.0, Avg: 0.0, Max: 0.0, Diff: 0.0, Sum: 0.0]
      [Code Root Scanning (ms): Min: 0.0, Avg: 0.0, Max: 0.0, Diff: 0.0, Sum: 0.0]
      [Object Copy (ms): Min: 3.6, Avg: 3.8, Max: 4.0, Diff: 0.3, Sum: 37.6]
      [Termination (ms): Min: 0.0, Avg: 0.3, Max: 0.4, Diff: 0.4, Sum: 2.5]
         [Termination Attempts: Min: 1, Avg: 1.0, Max: 1, Diff: 0, Sum: 10]
      [GC Worker Other (ms): Min: 0.0, Avg: 0.0, Max: 0.0, Diff: 0.0, Sum: 0.1]
      [GC Worker Total (ms): Min: 4.4, Avg: 4.5, Max: 4.6, Diff: 0.2, Sum: 45.2]
      [GC Worker End (ms): Min: 487.3, Avg: 487.4, Max: 487.5, Diff: 0.2]
   [Code Root Fixup: 0.0 ms]
   [Code Root Purge: 0.0 ms]
   [Clear CT: 0.1 ms]
   [Other: 0.5 ms]
      [Choose CSet: 0.0 ms]
      [Ref Proc: 0.2 ms]
      [Ref Enq: 0.0 ms]
      [Redirty Cards: 0.1 ms]
      [Humongous Register: 0.1 ms]
      [Humongous Reclaim: 0.0 ms]
      [Free CSet: 0.0 ms]
   [Eden: 44.0M(44.0M)->0.0B(44.0M) Survivors: 7168.0K->7168.0K Heap: 432.2M(1024.0M)->394.6M(1024.0M)]
 [Times: user=0.02 sys=0.03, real=0.01 secs] 
2021-07-03T09:39:41.242-0800: 0.496: [GC pause (G1 Evacuation Pause) (young), 0.0055055 secs]
   [Parallel Time: 4.5 ms, GC Workers: 10]
      [GC Worker Start (ms): Min: 496.3, Avg: 496.3, Max: 496.4, Diff: 0.1]
      [Ext Root Scanning (ms): Min: 0.0, Avg: 0.1, Max: 0.2, Diff: 0.1, Sum: 1.0]
      [Update RS (ms): Min: 0.5, Avg: 0.5, Max: 0.5, Diff: 0.1, Sum: 4.9]
         [Processed Buffers: Min: 4, Avg: 6.3, Max: 8, Diff: 4, Sum: 63]
      [Scan RS (ms): Min: 0.0, Avg: 0.0, Max: 0.0, Diff: 0.0, Sum: 0.0]
      [Code Root Scanning (ms): Min: 0.0, Avg: 0.0, Max: 0.0, Diff: 0.0, Sum: 0.0]
      [Object Copy (ms): Min: 3.3, Avg: 3.4, Max: 3.6, Diff: 0.2, Sum: 34.4]
      [Termination (ms): Min: 0.0, Avg: 0.2, Max: 0.4, Diff: 0.4, Sum: 1.8]
         [Termination Attempts: Min: 1, Avg: 1.0, Max: 1, Diff: 0, Sum: 10]
      [GC Worker Other (ms): Min: 0.0, Avg: 0.0, Max: 0.0, Diff: 0.0, Sum: 0.1]
      [GC Worker Total (ms): Min: 4.1, Avg: 4.2, Max: 4.4, Diff: 0.2, Sum: 42.2]
      [GC Worker End (ms): Min: 500.5, Avg: 500.5, Max: 500.7, Diff: 0.2]
   [Code Root Fixup: 0.0 ms]
   [Code Root Purge: 0.0 ms]
   [Clear CT: 0.1 ms]
   [Other: 0.8 ms]
      [Choose CSet: 0.0 ms]
      [Ref Proc: 0.5 ms]
      [Ref Enq: 0.0 ms]
      [Redirty Cards: 0.1 ms]
      [Humongous Register: 0.1 ms]
      [Humongous Reclaim: 0.0 ms]
      [Free CSet: 0.0 ms]
   [Eden: 44.0M(44.0M)->0.0B(44.0M) Survivors: 7168.0K->7168.0K Heap: 445.0M(1024.0M)->407.0M(1024.0M)]
 [Times: user=0.02 sys=0.01, real=0.00 secs] 
2021-07-03T09:39:41.256-0800: 0.510: [GC pause (G1 Evacuation Pause) (young), 0.0061988 secs]
   [Parallel Time: 5.5 ms, GC Workers: 10]
      [GC Worker Start (ms): Min: 509.9, Avg: 510.0, Max: 510.1, Diff: 0.2]
      [Ext Root Scanning (ms): Min: 0.0, Avg: 0.1, Max: 0.2, Diff: 0.2, Sum: 0.6]
      [Update RS (ms): Min: 0.4, Avg: 0.5, Max: 0.5, Diff: 0.1, Sum: 4.8]
         [Processed Buffers: Min: 3, Avg: 5.7, Max: 7, Diff: 4, Sum: 57]
      [Scan RS (ms): Min: 0.0, Avg: 0.0, Max: 0.0, Diff: 0.0, Sum: 0.0]
      [Code Root Scanning (ms): Min: 0.0, Avg: 0.0, Max: 0.0, Diff: 0.0, Sum: 0.0]
      [Object Copy (ms): Min: 4.3, Avg: 4.4, Max: 4.6, Diff: 0.3, Sum: 44.5]
      [Termination (ms): Min: 0.0, Avg: 0.2, Max: 0.4, Diff: 0.4, Sum: 2.3]
         [Termination Attempts: Min: 1, Avg: 1.3, Max: 2, Diff: 1, Sum: 13]
      [GC Worker Other (ms): Min: 0.0, Avg: 0.0, Max: 0.0, Diff: 0.0, Sum: 0.1]
      [GC Worker Total (ms): Min: 5.2, Avg: 5.2, Max: 5.3, Diff: 0.1, Sum: 52.3]
      [GC Worker End (ms): Min: 515.1, Avg: 515.2, Max: 515.3, Diff: 0.2]
   [Code Root Fixup: 0.0 ms]
   [Code Root Purge: 0.0 ms]
   [Clear CT: 0.1 ms]
   [Other: 0.6 ms]
      [Choose CSet: 0.0 ms]
      [Ref Proc: 0.3 ms]
      [Ref Enq: 0.0 ms]
      [Redirty Cards: 0.1 ms]
      [Humongous Register: 0.1 ms]
      [Humongous Reclaim: 0.0 ms]
      [Free CSet: 0.0 ms]
   [Eden: 44.0M(44.0M)->0.0B(44.0M) Survivors: 7168.0K->7168.0K Heap: 459.2M(1024.0M)->420.8M(1024.0M)]
 [Times: user=0.01 sys=0.02, real=0.01 secs] 
2021-07-03T09:39:41.263-0800: 0.516: [GC pause (G1 Humongous Allocation) (young) (initial-mark), 0.0016676 secs]
   [Parallel Time: 1.0 ms, GC Workers: 10]
      [GC Worker Start (ms): Min: 516.6, Avg: 516.6, Max: 516.7, Diff: 0.1]
      [Ext Root Scanning (ms): Min: 0.0, Avg: 0.1, Max: 0.2, Diff: 0.1, Sum: 1.0]
      [Update RS (ms): Min: 0.0, Avg: 0.0, Max: 0.1, Diff: 0.1, Sum: 0.4]
         [Processed Buffers: Min: 0, Avg: 1.0, Max: 2, Diff: 2, Sum: 10]
      [Scan RS (ms): Min: 0.0, Avg: 0.0, Max: 0.0, Diff: 0.0, Sum: 0.0]
      [Code Root Scanning (ms): Min: 0.0, Avg: 0.0, Max: 0.0, Diff: 0.0, Sum: 0.0]
      [Object Copy (ms): Min: 0.5, Avg: 0.6, Max: 0.6, Diff: 0.2, Sum: 5.6]
      [Termination (ms): Min: 0.0, Avg: 0.1, Max: 0.2, Diff: 0.2, Sum: 1.1]
         [Termination Attempts: Min: 1, Avg: 1.0, Max: 1, Diff: 0, Sum: 10]
      [GC Worker Other (ms): Min: 0.0, Avg: 0.0, Max: 0.0, Diff: 0.0, Sum: 0.1]
      [GC Worker Total (ms): Min: 0.7, Avg: 0.8, Max: 0.9, Diff: 0.2, Sum: 8.1]
      [GC Worker End (ms): Min: 517.4, Avg: 517.5, Max: 517.5, Diff: 0.1]
   [Code Root Fixup: 0.0 ms]
   [Code Root Purge: 0.0 ms]
   [Clear CT: 0.1 ms]
   [Other: 0.5 ms]
      [Choose CSet: 0.0 ms]
      [Ref Proc: 0.3 ms]
      [Ref Enq: 0.0 ms]
      [Redirty Cards: 0.1 ms]
      [Humongous Register: 0.1 ms]
      [Humongous Reclaim: 0.0 ms]
      [Free CSet: 0.0 ms]
   [Eden: 3072.0K(44.0M)->0.0B(50.0M) Survivors: 7168.0K->1024.0K Heap: 422.8M(1024.0M)->421.0M(1024.0M)]
 [Times: user=0.01 sys=0.00, real=0.00 secs] 
2021-07-03T09:39:41.264-0800: 0.518: [GC concurrent-root-region-scan-start]
2021-07-03T09:39:41.265-0800: 0.518: [GC concurrent-root-region-scan-end, 0.0001047 secs]
2021-07-03T09:39:41.265-0800: 0.518: [GC concurrent-mark-start]
2021-07-03T09:39:41.267-0800: 0.521: [GC concurrent-mark-end, 0.0024059 secs]
2021-07-03T09:39:41.267-0800: 0.521: [GC remark 2021-07-03T09:39:41.267-0800: 0.521: [Finalize Marking, 0.0002846 secs] 2021-07-03T09:39:41.268-0800: 0.521: [GC ref-proc, 0.0000493 secs] 2021-07-03T09:39:41.268-0800: 0.522: [Unloading, 0.0004598 secs], 0.0013505 secs]
 [Times: user=0.01 sys=0.00, real=0.00 secs] 
2021-07-03T09:39:41.269-0800: 0.523: [GC cleanup 439M->432M(1024M), 0.0008419 secs]
 [Times: user=0.00 sys=0.00, real=0.01 secs] 
2021-07-03T09:39:41.270-0800: 0.523: [GC concurrent-cleanup-start]
2021-07-03T09:39:41.270-0800: 0.524: [GC concurrent-cleanup-end, 0.0000133 secs]
2021-07-03T09:39:41.284-0800: 0.538: [GC pause (G1 Evacuation Pause) (young), 0.0037906 secs]
   [Parallel Time: 3.1 ms, GC Workers: 10]
      [GC Worker Start (ms): Min: 537.9, Avg: 538.0, Max: 538.1, Diff: 0.2]
      [Ext Root Scanning (ms): Min: 0.0, Avg: 0.1, Max: 0.2, Diff: 0.2, Sum: 0.7]
      [Update RS (ms): Min: 0.5, Avg: 0.5, Max: 0.5, Diff: 0.0, Sum: 5.0]
         [Processed Buffers: Min: 3, Avg: 6.2, Max: 9, Diff: 6, Sum: 62]
      [Scan RS (ms): Min: 0.0, Avg: 0.0, Max: 0.0, Diff: 0.0, Sum: 0.0]
      [Code Root Scanning (ms): Min: 0.0, Avg: 0.0, Max: 0.0, Diff: 0.0, Sum: 0.0]
      [Object Copy (ms): Min: 1.9, Avg: 2.0, Max: 2.2, Diff: 0.3, Sum: 20.3]
      [Termination (ms): Min: 0.0, Avg: 0.2, Max: 0.4, Diff: 0.4, Sum: 2.5]
         [Termination Attempts: Min: 1, Avg: 1.0, Max: 1, Diff: 0, Sum: 10]
      [GC Worker Other (ms): Min: 0.0, Avg: 0.0, Max: 0.0, Diff: 0.0, Sum: 0.1]
      [GC Worker Total (ms): Min: 2.7, Avg: 2.9, Max: 2.9, Diff: 0.2, Sum: 28.6]
      [GC Worker End (ms): Min: 540.8, Avg: 540.9, Max: 541.0, Diff: 0.2]
   [Code Root Fixup: 0.0 ms]
   [Code Root Purge: 0.0 ms]
   [Clear CT: 0.1 ms]
   [Other: 0.5 ms]
      [Choose CSet: 0.0 ms]
      [Ref Proc: 0.2 ms]
      [Ref Enq: 0.0 ms]
      [Redirty Cards: 0.1 ms]
      [Humongous Register: 0.1 ms]
      [Humongous Reclaim: 0.0 ms]
      [Free CSet: 0.0 ms]
   [Eden: 50.0M(50.0M)->0.0B(44.0M) Survivors: 1024.0K->7168.0K Heap: 484.7M(1024.0M)->436.1M(1024.0M)]
 [Times: user=0.02 sys=0.01, real=0.00 secs] 
2021-07-03T09:39:41.296-0800: 0.549: [GC pause (G1 Evacuation Pause) (mixed), 0.0062168 secs]
   [Parallel Time: 5.2 ms, GC Workers: 10]
      [GC Worker Start (ms): Min: 549.5, Avg: 549.5, Max: 549.6, Diff: 0.2]
      [Ext Root Scanning (ms): Min: 0.0, Avg: 0.1, Max: 0.2, Diff: 0.1, Sum: 0.8]
      [Update RS (ms): Min: 0.5, Avg: 0.5, Max: 0.5, Diff: 0.0, Sum: 5.1]
         [Processed Buffers: Min: 5, Avg: 6.3, Max: 8, Diff: 3, Sum: 63]
      [Scan RS (ms): Min: 0.0, Avg: 0.0, Max: 0.0, Diff: 0.0, Sum: 0.2]
      [Code Root Scanning (ms): Min: 0.0, Avg: 0.0, Max: 0.0, Diff: 0.0, Sum: 0.0]
      [Object Copy (ms): Min: 3.9, Avg: 4.1, Max: 4.2, Diff: 0.4, Sum: 40.6]
      [Termination (ms): Min: 0.0, Avg: 0.2, Max: 0.4, Diff: 0.4, Sum: 2.5]
         [Termination Attempts: Min: 1, Avg: 1.1, Max: 2, Diff: 1, Sum: 11]
      [GC Worker Other (ms): Min: 0.0, Avg: 0.0, Max: 0.0, Diff: 0.0, Sum: 0.1]
      [GC Worker Total (ms): Min: 4.8, Avg: 4.9, Max: 5.1, Diff: 0.3, Sum: 49.4]
      [GC Worker End (ms): Min: 554.4, Avg: 554.5, Max: 554.6, Diff: 0.2]
   [Code Root Fixup: 0.0 ms]
   [Code Root Purge: 0.0 ms]
   [Clear CT: 0.1 ms]
   [Other: 0.9 ms]
      [Choose CSet: 0.0 ms]
      [Ref Proc: 0.5 ms]
      [Ref Enq: 0.0 ms]
      [Redirty Cards: 0.2 ms]
      [Humongous Register: 0.1 ms]
      [Humongous Reclaim: 0.0 ms]
      [Free CSet: 0.0 ms]
   [Eden: 44.0M(44.0M)->0.0B(44.0M) Survivors: 7168.0K->7168.0K Heap: 489.9M(1024.0M)->419.1M(1024.0M)]
 [Times: user=0.02 sys=0.02, real=0.01 secs] 
2021-07-03T09:39:41.311-0800: 0.565: [GC pause (G1 Evacuation Pause) (mixed), 0.0049763 secs]
   [Parallel Time: 3.8 ms, GC Workers: 10]
      [GC Worker Start (ms): Min: 564.8, Avg: 564.9, Max: 565.0, Diff: 0.2]
      [Ext Root Scanning (ms): Min: 0.0, Avg: 0.1, Max: 0.2, Diff: 0.2, Sum: 1.0]
      [Update RS (ms): Min: 0.4, Avg: 0.4, Max: 0.5, Diff: 0.1, Sum: 4.3]
         [Processed Buffers: Min: 1, Avg: 4.7, Max: 6, Diff: 5, Sum: 47]
      [Scan RS (ms): Min: 0.0, Avg: 0.0, Max: 0.1, Diff: 0.1, Sum: 0.2]
      [Code Root Scanning (ms): Min: 0.0, Avg: 0.0, Max: 0.0, Diff: 0.0, Sum: 0.0]
      [Object Copy (ms): Min: 2.8, Avg: 2.8, Max: 2.9, Diff: 0.1, Sum: 28.5]
      [Termination (ms): Min: 0.0, Avg: 0.1, Max: 0.3, Diff: 0.3, Sum: 1.4]
         [Termination Attempts: Min: 1, Avg: 1.0, Max: 1, Diff: 0, Sum: 10]
      [GC Worker Other (ms): Min: 0.0, Avg: 0.0, Max: 0.0, Diff: 0.0, Sum: 0.1]
      [GC Worker Total (ms): Min: 3.5, Avg: 3.6, Max: 3.6, Diff: 0.1, Sum: 35.5]
      [GC Worker End (ms): Min: 568.4, Avg: 568.5, Max: 568.6, Diff: 0.1]
   [Code Root Fixup: 0.0 ms]
   [Code Root Purge: 0.0 ms]
   [Clear CT: 0.2 ms]
   [Other: 1.0 ms]
      [Choose CSet: 0.0 ms]
      [Ref Proc: 0.6 ms]
      [Ref Enq: 0.0 ms]
      [Redirty Cards: 0.2 ms]
      [Humongous Register: 0.1 ms]
      [Humongous Reclaim: 0.0 ms]
      [Free CSet: 0.0 ms]
   [Eden: 44.0M(44.0M)->0.0B(44.0M) Survivors: 7168.0K->7168.0K Heap: 476.5M(1024.0M)->407.8M(1024.0M)]
 [Times: user=0.04 sys=0.00, real=0.00 secs] 
2021-07-03T09:39:41.325-0800: 0.578: [GC pause (G1 Evacuation Pause) (mixed), 0.0046804 secs]
   [Parallel Time: 3.9 ms, GC Workers: 10]
      [GC Worker Start (ms): Min: 578.5, Avg: 578.6, Max: 578.6, Diff: 0.1]
      [Ext Root Scanning (ms): Min: 0.0, Avg: 0.1, Max: 0.2, Diff: 0.1, Sum: 1.0]
      [Update RS (ms): Min: 0.5, Avg: 0.5, Max: 0.5, Diff: 0.0, Sum: 4.8]
         [Processed Buffers: Min: 4, Avg: 5.5, Max: 7, Diff: 3, Sum: 55]
      [Scan RS (ms): Min: 0.0, Avg: 0.0, Max: 0.0, Diff: 0.0, Sum: 0.2]
      [Code Root Scanning (ms): Min: 0.0, Avg: 0.0, Max: 0.0, Diff: 0.0, Sum: 0.0]
      [Object Copy (ms): Min: 2.8, Avg: 2.9, Max: 3.0, Diff: 0.2, Sum: 28.9]
      [Termination (ms): Min: 0.0, Avg: 0.2, Max: 0.2, Diff: 0.2, Sum: 2.1]
         [Termination Attempts: Min: 1, Avg: 1.0, Max: 1, Diff: 0, Sum: 10]
      [GC Worker Other (ms): Min: 0.0, Avg: 0.0, Max: 0.0, Diff: 0.0, Sum: 0.1]
      [GC Worker Total (ms): Min: 3.6, Avg: 3.7, Max: 3.8, Diff: 0.2, Sum: 37.0]
      [GC Worker End (ms): Min: 582.2, Avg: 582.3, Max: 582.3, Diff: 0.1]
   [Code Root Fixup: 0.0 ms]
   [Code Root Purge: 0.0 ms]
   [Clear CT: 0.1 ms]
   [Other: 0.6 ms]
      [Choose CSet: 0.0 ms]
      [Ref Proc: 0.2 ms]
      [Ref Enq: 0.0 ms]
      [Redirty Cards: 0.2 ms]
      [Humongous Register: 0.1 ms]
      [Humongous Reclaim: 0.0 ms]
      [Free CSet: 0.0 ms]
   [Eden: 44.0M(44.0M)->0.0B(44.0M) Survivors: 7168.0K->7168.0K Heap: 459.5M(1024.0M)->402.2M(1024.0M)]
 [Times: user=0.04 sys=0.01, real=0.00 secs] 
2021-07-03T09:39:41.341-0800: 0.595: [GC pause (G1 Evacuation Pause) (mixed), 0.0072997 secs]
   [Parallel Time: 5.7 ms, GC Workers: 10]
      [GC Worker Start (ms): Min: 595.2, Avg: 595.2, Max: 595.3, Diff: 0.2]
      [Ext Root Scanning (ms): Min: 0.1, Avg: 0.1, Max: 0.2, Diff: 0.2, Sum: 1.2]
      [Update RS (ms): Min: 0.6, Avg: 0.6, Max: 0.7, Diff: 0.1, Sum: 6.0]
         [Processed Buffers: Min: 4, Avg: 6.2, Max: 7, Diff: 3, Sum: 62]
      [Scan RS (ms): Min: 0.0, Avg: 0.0, Max: 0.1, Diff: 0.1, Sum: 0.3]
      [Code Root Scanning (ms): Min: 0.0, Avg: 0.0, Max: 0.0, Diff: 0.0, Sum: 0.0]
      [Object Copy (ms): Min: 4.5, Avg: 4.6, Max: 4.7, Diff: 0.2, Sum: 45.9]
      [Termination (ms): Min: 0.0, Avg: 0.2, Max: 0.3, Diff: 0.3, Sum: 2.0]
         [Termination Attempts: Min: 1, Avg: 1.0, Max: 1, Diff: 0, Sum: 10]
      [GC Worker Other (ms): Min: 0.0, Avg: 0.0, Max: 0.0, Diff: 0.0, Sum: 0.1]
      [GC Worker Total (ms): Min: 5.5, Avg: 5.6, Max: 5.7, Diff: 0.2, Sum: 55.6]
      [GC Worker End (ms): Min: 600.8, Avg: 600.8, Max: 600.9, Diff: 0.1]
   [Code Root Fixup: 0.0 ms]
   [Code Root Purge: 0.0 ms]
   [Clear CT: 0.2 ms]
   [Other: 1.4 ms]
      [Choose CSet: 0.0 ms]
      [Ref Proc: 0.9 ms]
      [Ref Enq: 0.0 ms]
      [Redirty Cards: 0.2 ms]
      [Humongous Register: 0.1 ms]
      [Humongous Reclaim: 0.0 ms]
      [Free CSet: 0.0 ms]
   [Eden: 44.0M(44.0M)->0.0B(44.0M) Survivors: 7168.0K->7168.0K Heap: 458.9M(1024.0M)->399.7M(1024.0M)]
 [Times: user=0.05 sys=0.01, real=0.00 secs] 
2021-07-03T09:39:41.356-0800: 0.610: [GC pause (G1 Humongous Allocation) (young) (initial-mark), 0.0031330 secs]
   [Parallel Time: 2.2 ms, GC Workers: 10]
      [GC Worker Start (ms): Min: 609.7, Avg: 609.7, Max: 609.8, Diff: 0.1]
      [Ext Root Scanning (ms): Min: 0.1, Avg: 0.1, Max: 0.2, Diff: 0.1, Sum: 1.2]
      [Update RS (ms): Min: 0.4, Avg: 0.5, Max: 0.5, Diff: 0.1, Sum: 4.6]
         [Processed Buffers: Min: 2, Avg: 4.9, Max: 6, Diff: 4, Sum: 49]
      [Scan RS (ms): Min: 0.0, Avg: 0.0, Max: 0.0, Diff: 0.0, Sum: 0.0]
      [Code Root Scanning (ms): Min: 0.0, Avg: 0.0, Max: 0.0, Diff: 0.0, Sum: 0.0]
      [Object Copy (ms): Min: 1.2, Avg: 1.3, Max: 1.4, Diff: 0.2, Sum: 13.2]
      [Termination (ms): Min: 0.0, Avg: 0.1, Max: 0.2, Diff: 0.2, Sum: 0.8]
         [Termination Attempts: Min: 1, Avg: 1.1, Max: 2, Diff: 1, Sum: 11]
      [GC Worker Other (ms): Min: 0.0, Avg: 0.0, Max: 0.0, Diff: 0.0, Sum: 0.1]
      [GC Worker Total (ms): Min: 1.9, Avg: 2.0, Max: 2.1, Diff: 0.2, Sum: 19.9]
      [GC Worker End (ms): Min: 611.7, Avg: 611.7, Max: 611.8, Diff: 0.1]
   [Code Root Fixup: 0.0 ms]
   [Code Root Purge: 0.0 ms]
   [Clear CT: 0.3 ms]
   [Other: 0.6 ms]
      [Choose CSet: 0.0 ms]
      [Ref Proc: 0.2 ms]
      [Ref Enq: 0.0 ms]
      [Redirty Cards: 0.1 ms]
      [Humongous Register: 0.1 ms]
      [Humongous Reclaim: 0.0 ms]
      [Free CSet: 0.0 ms]
   [Eden: 33.0M(44.0M)->0.0B(44.0M) Survivors: 7168.0K->7168.0K Heap: 440.7M(1024.0M)->412.3M(1024.0M)]
 [Times: user=0.02 sys=0.00, real=0.00 secs] 
2021-07-03T09:39:41.359-0800: 0.613: [GC concurrent-root-region-scan-start]
2021-07-03T09:39:41.359-0800: 0.613: [GC concurrent-root-region-scan-end, 0.0001036 secs]
2021-07-03T09:39:41.359-0800: 0.613: [GC concurrent-mark-start]
2021-07-03T09:39:41.360-0800: 0.614: [GC concurrent-mark-end, 0.0010785 secs]
2021-07-03T09:39:41.360-0800: 0.614: [GC remark 2021-07-03T09:39:41.360-0800: 0.614: [Finalize Marking, 0.0003306 secs] 2021-07-03T09:39:41.361-0800: 0.614: [GC ref-proc, 0.0000551 secs] 2021-07-03T09:39:41.361-0800: 0.615: [Unloading, 0.0004966 secs], 0.0016712 secs]
 [Times: user=0.01 sys=0.00, real=0.00 secs] 
2021-07-03T09:39:41.362-0800: 0.616: [GC cleanup 420M->418M(1024M), 0.0011000 secs]
 [Times: user=0.00 sys=0.00, real=0.00 secs] 
2021-07-03T09:39:41.363-0800: 0.617: [GC concurrent-cleanup-start]
2021-07-03T09:39:41.363-0800: 0.617: [GC concurrent-cleanup-end, 0.0000132 secs]
2021-07-03T09:39:41.372-0800: 0.626: [GC pause (G1 Evacuation Pause) (young), 0.0036493 secs]
   [Parallel Time: 2.8 ms, GC Workers: 10]
      [GC Worker Start (ms): Min: 626.0, Avg: 626.0, Max: 626.1, Diff: 0.1]
      [Ext Root Scanning (ms): Min: 0.1, Avg: 0.1, Max: 0.2, Diff: 0.1, Sum: 1.1]
      [Update RS (ms): Min: 0.5, Avg: 0.5, Max: 0.5, Diff: 0.1, Sum: 5.0]
         [Processed Buffers: Min: 3, Avg: 5.4, Max: 7, Diff: 4, Sum: 54]
      [Scan RS (ms): Min: 0.0, Avg: 0.0, Max: 0.0, Diff: 0.0, Sum: 0.0]
      [Code Root Scanning (ms): Min: 0.0, Avg: 0.0, Max: 0.0, Diff: 0.0, Sum: 0.0]
      [Object Copy (ms): Min: 1.6, Avg: 1.7, Max: 1.9, Diff: 0.3, Sum: 16.9]
      [Termination (ms): Min: 0.0, Avg: 0.3, Max: 0.5, Diff: 0.5, Sum: 3.0]
         [Termination Attempts: Min: 1, Avg: 1.0, Max: 1, Diff: 0, Sum: 10]
      [GC Worker Other (ms): Min: 0.0, Avg: 0.0, Max: 0.0, Diff: 0.0, Sum: 0.1]
      [GC Worker Total (ms): Min: 2.5, Avg: 2.6, Max: 2.8, Diff: 0.3, Sum: 26.1]
      [GC Worker End (ms): Min: 628.5, Avg: 628.7, Max: 628.8, Diff: 0.2]
   [Code Root Fixup: 0.0 ms]
   [Code Root Purge: 0.0 ms]
   [Clear CT: 0.2 ms]
   [Other: 0.6 ms]
      [Choose CSet: 0.0 ms]
      [Ref Proc: 0.2 ms]
      [Ref Enq: 0.0 ms]
      [Redirty Cards: 0.2 ms]
      [Humongous Register: 0.1 ms]
      [Humongous Reclaim: 0.1 ms]
      [Free CSet: 0.0 ms]
   [Eden: 44.0M(44.0M)->0.0B(44.0M) Survivors: 7168.0K->7168.0K Heap: 463.5M(1024.0M)->421.3M(1024.0M)]
 [Times: user=0.02 sys=0.01, real=0.00 secs] 
2021-07-03T09:39:41.387-0800: 0.641: [GC pause (G1 Evacuation Pause) (mixed), 0.0088998 secs]
   [Parallel Time: 7.2 ms, GC Workers: 10]
      [GC Worker Start (ms): Min: 641.4, Avg: 641.5, Max: 641.6, Diff: 0.3]
      [Ext Root Scanning (ms): Min: 0.0, Avg: 0.1, Max: 0.2, Diff: 0.2, Sum: 1.3]
      [Update RS (ms): Min: 0.6, Avg: 0.7, Max: 0.7, Diff: 0.1, Sum: 6.7]
         [Processed Buffers: Min: 4, Avg: 6.4, Max: 8, Diff: 4, Sum: 64]
      [Scan RS (ms): Min: 0.0, Avg: 0.0, Max: 0.0, Diff: 0.0, Sum: 0.2]
      [Code Root Scanning (ms): Min: 0.0, Avg: 0.0, Max: 0.0, Diff: 0.0, Sum: 0.0]
      [Object Copy (ms): Min: 5.5, Avg: 5.7, Max: 6.0, Diff: 0.5, Sum: 56.7]
      [Termination (ms): Min: 0.0, Avg: 0.4, Max: 0.6, Diff: 0.6, Sum: 3.9]
         [Termination Attempts: Min: 1, Avg: 1.0, Max: 1, Diff: 0, Sum: 10]
      [GC Worker Other (ms): Min: 0.0, Avg: 0.0, Max: 0.0, Diff: 0.0, Sum: 0.1]
      [GC Worker Total (ms): Min: 6.7, Avg: 6.9, Max: 7.0, Diff: 0.3, Sum: 68.9]
      [GC Worker End (ms): Min: 648.3, Avg: 648.4, Max: 648.5, Diff: 0.2]
   [Code Root Fixup: 0.0 ms]
   [Code Root Purge: 0.0 ms]
   [Clear CT: 0.2 ms]
   [Other: 1.5 ms]
      [Choose CSet: 0.0 ms]
      [Ref Proc: 0.5 ms]
      [Ref Enq: 0.0 ms]
      [Redirty Cards: 0.3 ms]
      [Humongous Register: 0.4 ms]
      [Humongous Reclaim: 0.0 ms]
      [Free CSet: 0.1 ms]
   [Eden: 44.0M(44.0M)->0.0B(44.0M) Survivors: 7168.0K->7168.0K Heap: 476.9M(1024.0M)->411.4M(1024.0M)]
 [Times: user=0.05 sys=0.01, real=0.01 secs] 
2021-07-03T09:39:41.407-0800: 0.660: [GC pause (G1 Evacuation Pause) (mixed), 0.0053544 secs]
   [Parallel Time: 3.9 ms, GC Workers: 10]
      [GC Worker Start (ms): Min: 660.6, Avg: 660.7, Max: 660.8, Diff: 0.2]
      [Ext Root Scanning (ms): Min: 0.0, Avg: 0.1, Max: 0.2, Diff: 0.2, Sum: 1.0]
      [Update RS (ms): Min: 0.4, Avg: 0.5, Max: 0.5, Diff: 0.1, Sum: 4.6]
         [Processed Buffers: Min: 2, Avg: 5.0, Max: 6, Diff: 4, Sum: 50]
      [Scan RS (ms): Min: 0.0, Avg: 0.0, Max: 0.1, Diff: 0.1, Sum: 0.2]
      [Code Root Scanning (ms): Min: 0.0, Avg: 0.0, Max: 0.0, Diff: 0.0, Sum: 0.0]
      [Object Copy (ms): Min: 2.9, Avg: 2.9, Max: 3.1, Diff: 0.2, Sum: 29.4]
      [Termination (ms): Min: 0.0, Avg: 0.2, Max: 0.3, Diff: 0.3, Sum: 1.9]
         [Termination Attempts: Min: 1, Avg: 1.0, Max: 1, Diff: 0, Sum: 10]
      [GC Worker Other (ms): Min: 0.0, Avg: 0.0, Max: 0.0, Diff: 0.0, Sum: 0.1]
      [GC Worker Total (ms): Min: 3.6, Avg: 3.7, Max: 3.9, Diff: 0.2, Sum: 37.3]
      [GC Worker End (ms): Min: 664.4, Avg: 664.4, Max: 664.5, Diff: 0.1]
   [Code Root Fixup: 0.0 ms]
   [Code Root Purge: 0.0 ms]
   [Clear CT: 0.2 ms]
   [Other: 1.2 ms]
      [Choose CSet: 0.0 ms]
      [Ref Proc: 0.7 ms]
      [Ref Enq: 0.0 ms]
      [Redirty Cards: 0.3 ms]
      [Humongous Register: 0.1 ms]
      [Humongous Reclaim: 0.0 ms]
      [Free CSet: 0.0 ms]
   [Eden: 44.0M(44.0M)->0.0B(44.0M) Survivors: 7168.0K->7168.0K Heap: 464.3M(1024.0M)->406.7M(1024.0M)]
 [Times: user=0.04 sys=0.00, real=0.01 secs] 
2021-07-03T09:39:41.422-0800: 0.676: [GC pause (G1 Evacuation Pause) (mixed), 0.0055821 secs]
   [Parallel Time: 4.4 ms, GC Workers: 10]
      [GC Worker Start (ms): Min: 675.9, Avg: 676.0, Max: 676.1, Diff: 0.2]
      [Ext Root Scanning (ms): Min: 0.1, Avg: 0.1, Max: 0.2, Diff: 0.2, Sum: 1.2]
      [Update RS (ms): Min: 0.5, Avg: 0.6, Max: 0.6, Diff: 0.1, Sum: 5.9]
         [Processed Buffers: Min: 6, Avg: 6.4, Max: 8, Diff: 2, Sum: 64]
      [Scan RS (ms): Min: 0.0, Avg: 0.1, Max: 0.3, Diff: 0.3, Sum: 0.5]
      [Code Root Scanning (ms): Min: 0.0, Avg: 0.0, Max: 0.1, Diff: 0.1, Sum: 0.1]
      [Object Copy (ms): Min: 2.7, Avg: 3.1, Max: 3.3, Diff: 0.6, Sum: 30.9]
      [Termination (ms): Min: 0.0, Avg: 0.3, Max: 0.5, Diff: 0.5, Sum: 2.8]
         [Termination Attempts: Min: 1, Avg: 1.0, Max: 1, Diff: 0, Sum: 10]
      [GC Worker Other (ms): Min: 0.0, Avg: 0.0, Max: 0.0, Diff: 0.0, Sum: 0.1]
      [GC Worker Total (ms): Min: 4.0, Avg: 4.1, Max: 4.3, Diff: 0.3, Sum: 41.3]
      [GC Worker End (ms): Min: 680.1, Avg: 680.2, Max: 680.3, Diff: 0.2]
   [Code Root Fixup: 0.0 ms]
   [Code Root Purge: 0.0 ms]
   [Clear CT: 0.2 ms]
   [Other: 1.0 ms]
      [Choose CSet: 0.0 ms]
      [Ref Proc: 0.3 ms]
      [Ref Enq: 0.0 ms]
      [Redirty Cards: 0.2 ms]
      [Humongous Register: 0.1 ms]
      [Humongous Reclaim: 0.0 ms]
      [Free CSet: 0.1 ms]
   [Eden: 44.0M(44.0M)->0.0B(44.0M) Survivors: 7168.0K->7168.0K Heap: 461.0M(1024.0M)->399.2M(1024.0M)]
 [Times: user=0.04 sys=0.01, real=0.00 secs] 
2021-07-03T09:39:41.437-0800: 0.691: [GC pause (G1 Evacuation Pause) (mixed), 0.0035116 secs]
   [Parallel Time: 2.7 ms, GC Workers: 10]
      [GC Worker Start (ms): Min: 691.1, Avg: 691.2, Max: 691.2, Diff: 0.2]
      [Ext Root Scanning (ms): Min: 0.0, Avg: 0.1, Max: 0.2, Diff: 0.2, Sum: 1.0]
      [Update RS (ms): Min: 0.5, Avg: 0.5, Max: 0.5, Diff: 0.1, Sum: 5.0]
         [Processed Buffers: Min: 4, Avg: 5.4, Max: 7, Diff: 3, Sum: 54]
      [Scan RS (ms): Min: 0.0, Avg: 0.0, Max: 0.0, Diff: 0.0, Sum: 0.1]
      [Code Root Scanning (ms): Min: 0.0, Avg: 0.0, Max: 0.0, Diff: 0.0, Sum: 0.0]
      [Object Copy (ms): Min: 1.8, Avg: 1.8, Max: 1.9, Diff: 0.1, Sum: 18.3]
      [Termination (ms): Min: 0.0, Avg: 0.1, Max: 0.1, Diff: 0.1, Sum: 0.8]
         [Termination Attempts: Min: 1, Avg: 1.0, Max: 1, Diff: 0, Sum: 10]
      [GC Worker Other (ms): Min: 0.0, Avg: 0.0, Max: 0.0, Diff: 0.0, Sum: 0.1]
      [GC Worker Total (ms): Min: 2.5, Avg: 2.5, Max: 2.6, Diff: 0.2, Sum: 25.4]
      [GC Worker End (ms): Min: 693.7, Avg: 693.7, Max: 693.7, Diff: 0.0]
   [Code Root Fixup: 0.0 ms]
   [Code Root Purge: 0.0 ms]
   [Clear CT: 0.1 ms]
   [Other: 0.7 ms]
      [Choose CSet: 0.0 ms]
      [Ref Proc: 0.3 ms]
      [Ref Enq: 0.0 ms]
      [Redirty Cards: 0.1 ms]
      [Humongous Register: 0.1 ms]
      [Humongous Reclaim: 0.0 ms]
      [Free CSet: 0.0 ms]
   [Eden: 44.0M(44.0M)->0.0B(44.0M) Survivors: 7168.0K->7168.0K Heap: 456.7M(1024.0M)->411.9M(1024.0M)]
 [Times: user=0.02 sys=0.00, real=0.01 secs] 
2021-07-03T09:39:41.442-0800: 0.695: [GC pause (G1 Humongous Allocation) (young) (initial-mark), 0.0022043 secs]
   [Parallel Time: 1.1 ms, GC Workers: 10]
      [GC Worker Start (ms): Min: 695.6, Avg: 695.6, Max: 695.7, Diff: 0.1]
      [Ext Root Scanning (ms): Min: 0.1, Avg: 0.1, Max: 0.2, Diff: 0.1, Sum: 1.2]
      [Update RS (ms): Min: 0.1, Avg: 0.2, Max: 0.2, Diff: 0.1, Sum: 1.8]
         [Processed Buffers: Min: 2, Avg: 2.5, Max: 3, Diff: 1, Sum: 25]
      [Scan RS (ms): Min: 0.0, Avg: 0.0, Max: 0.0, Diff: 0.0, Sum: 0.0]
      [Code Root Scanning (ms): Min: 0.0, Avg: 0.0, Max: 0.0, Diff: 0.0, Sum: 0.0]
      [Object Copy (ms): Min: 0.4, Avg: 0.5, Max: 0.5, Diff: 0.1, Sum: 4.7]
      [Termination (ms): Min: 0.0, Avg: 0.2, Max: 0.2, Diff: 0.2, Sum: 1.8]
         [Termination Attempts: Min: 1, Avg: 1.0, Max: 1, Diff: 0, Sum: 10]
      [GC Worker Other (ms): Min: 0.0, Avg: 0.0, Max: 0.0, Diff: 0.0, Sum: 0.1]
      [GC Worker Total (ms): Min: 0.9, Avg: 1.0, Max: 1.0, Diff: 0.2, Sum: 9.6]
      [GC Worker End (ms): Min: 696.5, Avg: 696.6, Max: 696.6, Diff: 0.1]
   [Code Root Fixup: 0.0 ms]
   [Code Root Purge: 0.0 ms]
   [Clear CT: 0.2 ms]
   [Other: 0.9 ms]
      [Choose CSet: 0.0 ms]
      [Ref Proc: 0.4 ms]
      [Ref Enq: 0.0 ms]
      [Redirty Cards: 0.2 ms]
      [Humongous Register: 0.1 ms]
      [Humongous Reclaim: 0.0 ms]
      [Free CSet: 0.0 ms]
   [Eden: 3072.0K(44.0M)->0.0B(50.0M) Survivors: 7168.0K->1024.0K Heap: 416.0M(1024.0M)->412.0M(1024.0M)]
 [Times: user=0.01 sys=0.00, real=0.00 secs] 
2021-07-03T09:39:41.444-0800: 0.698: [GC concurrent-root-region-scan-start]
2021-07-03T09:39:41.444-0800: 0.698: [GC concurrent-root-region-scan-end, 0.0000861 secs]
2021-07-03T09:39:41.444-0800: 0.698: [GC concurrent-mark-start]
2021-07-03T09:39:41.445-0800: 0.699: [GC concurrent-mark-end, 0.0011362 secs]
2021-07-03T09:39:41.445-0800: 0.699: [GC remark 2021-07-03T09:39:41.445-0800: 0.699: [Finalize Marking, 0.0003296 secs] 2021-07-03T09:39:41.446-0800: 0.699: [GC ref-proc, 0.0000511 secs] 2021-07-03T09:39:41.446-0800: 0.699: [Unloading, 0.0004623 secs], 0.0014910 secs]
 [Times: user=0.01 sys=0.00, real=0.00 secs] 
2021-07-03T09:39:41.447-0800: 0.701: [GC cleanup 420M->418M(1024M), 0.0009715 secs]
 [Times: user=0.00 sys=0.00, real=0.00 secs] 
2021-07-03T09:39:41.448-0800: 0.702: [GC concurrent-cleanup-start]
2021-07-03T09:39:41.448-0800: 0.702: [GC concurrent-cleanup-end, 0.0000124 secs]
2021-07-03T09:39:41.458-0800: 0.712: [GC pause (G1 Evacuation Pause) (young), 0.0039731 secs]
   [Parallel Time: 2.6 ms, GC Workers: 10]
      [GC Worker Start (ms): Min: 711.8, Avg: 711.8, Max: 711.9, Diff: 0.1]
      [Ext Root Scanning (ms): Min: 0.1, Avg: 0.2, Max: 0.3, Diff: 0.3, Sum: 1.6]
      [Update RS (ms): Min: 0.4, Avg: 0.6, Max: 0.6, Diff: 0.2, Sum: 5.6]
         [Processed Buffers: Min: 4, Avg: 5.5, Max: 8, Diff: 4, Sum: 55]
      [Scan RS (ms): Min: 0.0, Avg: 0.0, Max: 0.0, Diff: 0.0, Sum: 0.1]
      [Code Root Scanning (ms): Min: 0.0, Avg: 0.0, Max: 0.0, Diff: 0.0, Sum: 0.0]
      [Object Copy (ms): Min: 1.4, Avg: 1.5, Max: 1.5, Diff: 0.1, Sum: 14.8]
      [Termination (ms): Min: 0.0, Avg: 0.1, Max: 0.2, Diff: 0.2, Sum: 0.9]
         [Termination Attempts: Min: 1, Avg: 1.0, Max: 1, Diff: 0, Sum: 10]
      [GC Worker Other (ms): Min: 0.0, Avg: 0.0, Max: 0.0, Diff: 0.0, Sum: 0.1]
      [GC Worker Total (ms): Min: 2.2, Avg: 2.3, Max: 2.5, Diff: 0.2, Sum: 23.1]
      [GC Worker End (ms): Min: 714.1, Avg: 714.2, Max: 714.3, Diff: 0.1]
   [Code Root Fixup: 0.0 ms]
   [Code Root Purge: 0.0 ms]
   [Clear CT: 0.1 ms]
   [Other: 1.3 ms]
      [Choose CSet: 0.0 ms]
      [Ref Proc: 0.9 ms]
      [Ref Enq: 0.0 ms]
      [Redirty Cards: 0.1 ms]
      [Humongous Register: 0.1 ms]
      [Humongous Reclaim: 0.0 ms]
      [Free CSet: 0.0 ms]
   [Eden: 50.0M(50.0M)->0.0B(44.0M) Survivors: 1024.0K->7168.0K Heap: 475.7M(1024.0M)->430.4M(1024.0M)]
 [Times: user=0.02 sys=0.01, real=0.01 secs] 
2021-07-03T09:39:41.472-0800: 0.726: [GC pause (G1 Evacuation Pause) (mixed), 0.0070011 secs]
   [Parallel Time: 6.2 ms, GC Workers: 10]
      [GC Worker Start (ms): Min: 725.9, Avg: 726.0, Max: 726.1, Diff: 0.2]
      [Ext Root Scanning (ms): Min: 0.0, Avg: 0.1, Max: 0.2, Diff: 0.2, Sum: 0.9]
      [Update RS (ms): Min: 0.6, Avg: 0.6, Max: 0.7, Diff: 0.2, Sum: 5.9]
         [Processed Buffers: Min: 5, Avg: 6.5, Max: 9, Diff: 4, Sum: 65]
      [Scan RS (ms): Min: 0.0, Avg: 0.0, Max: 0.0, Diff: 0.0, Sum: 0.2]
      [Code Root Scanning (ms): Min: 0.0, Avg: 0.0, Max: 0.0, Diff: 0.0, Sum: 0.0]
      [Object Copy (ms): Min: 4.8, Avg: 5.0, Max: 5.1, Diff: 0.4, Sum: 49.5]
      [Termination (ms): Min: 0.0, Avg: 0.2, Max: 0.5, Diff: 0.5, Sum: 2.4]
         [Termination Attempts: Min: 1, Avg: 1.0, Max: 1, Diff: 0, Sum: 10]
      [GC Worker Other (ms): Min: 0.0, Avg: 0.0, Max: 0.0, Diff: 0.0, Sum: 0.1]
      [GC Worker Total (ms): Min: 5.8, Avg: 5.9, Max: 6.0, Diff: 0.2, Sum: 59.1]
      [GC Worker End (ms): Min: 731.8, Avg: 731.9, Max: 732.0, Diff: 0.2]
   [Code Root Fixup: 0.0 ms]
   [Code Root Purge: 0.0 ms]
   [Clear CT: 0.2 ms]
   [Other: 0.7 ms]
      [Choose CSet: 0.0 ms]
      [Ref Proc: 0.3 ms]
      [Ref Enq: 0.0 ms]
      [Redirty Cards: 0.1 ms]
      [Humongous Register: 0.1 ms]
      [Humongous Reclaim: 0.0 ms]
      [Free CSet: 0.0 ms]
   [Eden: 44.0M(44.0M)->0.0B(44.0M) Survivors: 7168.0K->7168.0K Heap: 489.7M(1024.0M)->426.5M(1024.0M)]
 [Times: user=0.02 sys=0.02, real=0.00 secs] 
2021-07-03T09:39:41.489-0800: 0.743: [GC pause (G1 Evacuation Pause) (mixed), 0.0043880 secs]
   [Parallel Time: 3.6 ms, GC Workers: 10]
      [GC Worker Start (ms): Min: 742.7, Avg: 742.8, Max: 742.8, Diff: 0.1]
      [Ext Root Scanning (ms): Min: 0.0, Avg: 0.1, Max: 0.2, Diff: 0.2, Sum: 0.9]
      [Update RS (ms): Min: 0.4, Avg: 0.5, Max: 0.5, Diff: 0.1, Sum: 4.6]
         [Processed Buffers: Min: 4, Avg: 5.2, Max: 6, Diff: 2, Sum: 52]
      [Scan RS (ms): Min: 0.0, Avg: 0.0, Max: 0.0, Diff: 0.0, Sum: 0.2]
      [Code Root Scanning (ms): Min: 0.0, Avg: 0.0, Max: 0.0, Diff: 0.0, Sum: 0.0]
      [Object Copy (ms): Min: 2.6, Avg: 2.7, Max: 2.8, Diff: 0.2, Sum: 27.1]
      [Termination (ms): Min: 0.0, Avg: 0.1, Max: 0.2, Diff: 0.2, Sum: 1.2]
         [Termination Attempts: Min: 1, Avg: 1.0, Max: 1, Diff: 0, Sum: 10]
      [GC Worker Other (ms): Min: 0.0, Avg: 0.0, Max: 0.0, Diff: 0.0, Sum: 0.1]
      [GC Worker Total (ms): Min: 3.4, Avg: 3.4, Max: 3.5, Diff: 0.1, Sum: 34.2]
      [GC Worker End (ms): Min: 746.1, Avg: 746.2, Max: 746.2, Diff: 0.1]
   [Code Root Fixup: 0.0 ms]
   [Code Root Purge: 0.0 ms]
   [Clear CT: 0.2 ms]
   [Other: 0.6 ms]
      [Choose CSet: 0.0 ms]
      [Ref Proc: 0.2 ms]
      [Ref Enq: 0.0 ms]
      [Redirty Cards: 0.1 ms]
      [Humongous Register: 0.1 ms]
      [Humongous Reclaim: 0.1 ms]
      [Free CSet: 0.0 ms]
   [Eden: 44.0M(44.0M)->0.0B(44.0M) Survivors: 7168.0K->7168.0K Heap: 478.3M(1024.0M)->415.5M(1024.0M)]
 [Times: user=0.04 sys=0.00, real=0.01 secs] 
2021-07-03T09:39:41.503-0800: 0.756: [GC pause (G1 Evacuation Pause) (mixed), 0.0048386 secs]
   [Parallel Time: 3.6 ms, GC Workers: 10]
      [GC Worker Start (ms): Min: 756.5, Avg: 756.6, Max: 756.6, Diff: 0.2]
      [Ext Root Scanning (ms): Min: 0.0, Avg: 0.1, Max: 0.2, Diff: 0.2, Sum: 1.0]
      [Update RS (ms): Min: 0.4, Avg: 0.4, Max: 0.5, Diff: 0.1, Sum: 4.1]
         [Processed Buffers: Min: 1, Avg: 4.3, Max: 5, Diff: 4, Sum: 43]
      [Scan RS (ms): Min: 0.0, Avg: 0.0, Max: 0.0, Diff: 0.0, Sum: 0.2]
      [Code Root Scanning (ms): Min: 0.0, Avg: 0.0, Max: 0.0, Diff: 0.0, Sum: 0.0]
      [Object Copy (ms): Min: 2.7, Avg: 2.8, Max: 2.9, Diff: 0.2, Sum: 27.7]
      [Termination (ms): Min: 0.0, Avg: 0.1, Max: 0.2, Diff: 0.2, Sum: 1.5]
         [Termination Attempts: Min: 1, Avg: 1.0, Max: 1, Diff: 0, Sum: 10]
      [GC Worker Other (ms): Min: 0.0, Avg: 0.0, Max: 0.0, Diff: 0.0, Sum: 0.1]
      [GC Worker Total (ms): Min: 3.4, Avg: 3.5, Max: 3.6, Diff: 0.2, Sum: 34.7]
      [GC Worker End (ms): Min: 760.0, Avg: 760.0, Max: 760.1, Diff: 0.1]
   [Code Root Fixup: 0.0 ms]
   [Code Root Purge: 0.0 ms]
   [Clear CT: 0.2 ms]
   [Other: 1.0 ms]
      [Choose CSet: 0.0 ms]
      [Ref Proc: 0.5 ms]
      [Ref Enq: 0.0 ms]
      [Redirty Cards: 0.2 ms]
      [Humongous Register: 0.1 ms]
      [Humongous Reclaim: 0.0 ms]
      [Free CSet: 0.1 ms]
   [Eden: 44.0M(44.0M)->0.0B(44.0M) Survivors: 7168.0K->7168.0K Heap: 469.9M(1024.0M)->414.0M(1024.0M)]
 [Times: user=0.03 sys=0.01, real=0.00 secs] 
2021-07-03T09:39:41.508-0800: 0.762: [GC pause (G1 Humongous Allocation) (young) (initial-mark), 0.0018157 secs]
   [Parallel Time: 1.1 ms, GC Workers: 10]
      [GC Worker Start (ms): Min: 761.6, Avg: 761.7, Max: 761.8, Diff: 0.1]
      [Ext Root Scanning (ms): Min: 0.1, Avg: 0.1, Max: 0.2, Diff: 0.1, Sum: 1.2]
      [Update RS (ms): Min: 0.0, Avg: 0.1, Max: 0.1, Diff: 0.1, Sum: 0.6]
         [Processed Buffers: Min: 1, Avg: 1.1, Max: 2, Diff: 1, Sum: 11]
      [Scan RS (ms): Min: 0.0, Avg: 0.0, Max: 0.0, Diff: 0.0, Sum: 0.0]
      [Code Root Scanning (ms): Min: 0.0, Avg: 0.0, Max: 0.0, Diff: 0.0, Sum: 0.0]
      [Object Copy (ms): Min: 0.4, Avg: 0.5, Max: 0.7, Diff: 0.3, Sum: 5.1]
      [Termination (ms): Min: 0.0, Avg: 0.2, Max: 0.2, Diff: 0.2, Sum: 1.9]
         [Termination Attempts: Min: 1, Avg: 1.0, Max: 1, Diff: 0, Sum: 10]
      [GC Worker Other (ms): Min: 0.0, Avg: 0.0, Max: 0.0, Diff: 0.0, Sum: 0.1]
      [GC Worker Total (ms): Min: 0.8, Avg: 0.9, Max: 1.0, Diff: 0.1, Sum: 8.9]
      [GC Worker End (ms): Min: 762.5, Avg: 762.6, Max: 762.7, Diff: 0.1]
   [Code Root Fixup: 0.0 ms]
   [Code Root Purge: 0.0 ms]
   [Clear CT: 0.1 ms]
   [Other: 0.6 ms]
      [Choose CSet: 0.0 ms]
      [Ref Proc: 0.2 ms]
      [Ref Enq: 0.0 ms]
      [Redirty Cards: 0.1 ms]
      [Humongous Register: 0.1 ms]
      [Humongous Reclaim: 0.0 ms]
      [Free CSet: 0.0 ms]
   [Eden: 1024.0K(44.0M)->0.0B(51.0M) Survivors: 7168.0K->0.0B Heap: 414.8M(1024.0M)->413.9M(1024.0M)]
 [Times: user=0.01 sys=0.00, real=0.01 secs] 
2021-07-03T09:39:41.510-0800: 0.763: [GC concurrent-root-region-scan-start]
2021-07-03T09:39:41.510-0800: 0.763: [GC concurrent-root-region-scan-end, 0.0000071 secs]
2021-07-03T09:39:41.510-0800: 0.763: [GC concurrent-mark-start]
2021-07-03T09:39:41.511-0800: 0.765: [GC concurrent-mark-end, 0.0012145 secs]
2021-07-03T09:39:41.511-0800: 0.765: [GC remark 2021-07-03T09:39:41.511-0800: 0.765: [Finalize Marking, 0.0002249 secs] 2021-07-03T09:39:41.511-0800: 0.765: [GC ref-proc, 0.0000547 secs] 2021-07-03T09:39:41.511-0800: 0.765: [Unloading, 0.0004626 secs], 0.0013900 secs]
 [Times: user=0.01 sys=0.00, real=0.00 secs] 
2021-07-03T09:39:41.513-0800: 0.766: [GC cleanup 420M->420M(1024M), 0.0010529 secs]
 [Times: user=0.00 sys=0.00, real=0.00 secs] 
2021-07-03T09:39:41.523-0800: 0.777: [GC pause (G1 Evacuation Pause) (young), 0.0030843 secs]
   [Parallel Time: 2.2 ms, GC Workers: 10]
      [GC Worker Start (ms): Min: 777.0, Avg: 777.1, Max: 777.2, Diff: 0.2]
      [Ext Root Scanning (ms): Min: 0.0, Avg: 0.1, Max: 0.2, Diff: 0.2, Sum: 0.8]
      [Update RS (ms): Min: 0.5, Avg: 0.6, Max: 0.6, Diff: 0.1, Sum: 5.6]
         [Processed Buffers: Min: 3, Avg: 6.3, Max: 8, Diff: 5, Sum: 63]
      [Scan RS (ms): Min: 0.0, Avg: 0.0, Max: 0.0, Diff: 0.0, Sum: 0.0]
      [Code Root Scanning (ms): Min: 0.0, Avg: 0.0, Max: 0.0, Diff: 0.0, Sum: 0.0]
      [Object Copy (ms): Min: 1.3, Avg: 1.3, Max: 1.4, Diff: 0.1, Sum: 13.5]
      [Termination (ms): Min: 0.0, Avg: 0.1, Max: 0.1, Diff: 0.1, Sum: 0.6]
         [Termination Attempts: Min: 1, Avg: 1.0, Max: 1, Diff: 0, Sum: 10]
      [GC Worker Other (ms): Min: 0.0, Avg: 0.0, Max: 0.0, Diff: 0.0, Sum: 0.1]
      [GC Worker Total (ms): Min: 2.0, Avg: 2.1, Max: 2.2, Diff: 0.2, Sum: 20.7]
      [GC Worker End (ms): Min: 779.1, Avg: 779.2, Max: 779.2, Diff: 0.0]
   [Code Root Fixup: 0.0 ms]
   [Code Root Purge: 0.0 ms]
   [Clear CT: 0.1 ms]
   [Other: 0.7 ms]
      [Choose CSet: 0.0 ms]
      [Ref Proc: 0.3 ms]
      [Ref Enq: 0.0 ms]
      [Redirty Cards: 0.2 ms]
      [Humongous Register: 0.1 ms]
      [Humongous Reclaim: 0.0 ms]
      [Free CSet: 0.0 ms]
   [Eden: 51.0M(51.0M)->0.0B(44.0M) Survivors: 0.0B->7168.0K Heap: 474.4M(1024.0M)->430.3M(1024.0M)]
 [Times: user=0.02 sys=0.00, real=0.00 secs] 
2021-07-03T09:39:41.536-0800: 0.790: [GC pause (G1 Evacuation Pause) (mixed), 0.0041359 secs]
   [Parallel Time: 3.2 ms, GC Workers: 10]
      [GC Worker Start (ms): Min: 790.1, Avg: 790.2, Max: 790.3, Diff: 0.2]
      [Ext Root Scanning (ms): Min: 0.0, Avg: 0.1, Max: 0.2, Diff: 0.2, Sum: 0.8]
      [Update RS (ms): Min: 0.5, Avg: 0.5, Max: 0.6, Diff: 0.0, Sum: 5.4]
         [Processed Buffers: Min: 3, Avg: 6.0, Max: 7, Diff: 4, Sum: 60]
      [Scan RS (ms): Min: 0.0, Avg: 0.0, Max: 0.0, Diff: 0.0, Sum: 0.2]
      [Code Root Scanning (ms): Min: 0.0, Avg: 0.0, Max: 0.0, Diff: 0.0, Sum: 0.0]
      [Object Copy (ms): Min: 2.3, Avg: 2.4, Max: 2.4, Diff: 0.1, Sum: 23.7]
      [Termination (ms): Min: 0.0, Avg: 0.0, Max: 0.1, Diff: 0.1, Sum: 0.3]
         [Termination Attempts: Min: 1, Avg: 1.0, Max: 1, Diff: 0, Sum: 10]
      [GC Worker Other (ms): Min: 0.0, Avg: 0.0, Max: 0.0, Diff: 0.0, Sum: 0.1]
      [GC Worker Total (ms): Min: 3.0, Avg: 3.1, Max: 3.2, Diff: 0.2, Sum: 30.5]
      [GC Worker End (ms): Min: 793.2, Avg: 793.2, Max: 793.3, Diff: 0.0]
   [Code Root Fixup: 0.0 ms]
   [Code Root Purge: 0.0 ms]
   [Clear CT: 0.1 ms]
   [Other: 0.8 ms]
      [Choose CSet: 0.0 ms]
      [Ref Proc: 0.3 ms]
      [Ref Enq: 0.0 ms]
      [Redirty Cards: 0.1 ms]
      [Humongous Register: 0.1 ms]
      [Humongous Reclaim: 0.0 ms]
      [Free CSet: 0.0 ms]
   [Eden: 44.0M(44.0M)->0.0B(44.0M) Survivors: 7168.0K->7168.0K Heap: 490.9M(1024.0M)->420.3M(1024.0M)]
 [Times: user=0.03 sys=0.01, real=0.01 secs] 
2021-07-03T09:39:41.551-0800: 0.805: [GC pause (G1 Evacuation Pause) (mixed), 0.0046324 secs]
   [Parallel Time: 3.7 ms, GC Workers: 10]
      [GC Worker Start (ms): Min: 805.2, Avg: 805.2, Max: 805.3, Diff: 0.1]
      [Ext Root Scanning (ms): Min: 0.0, Avg: 0.1, Max: 0.2, Diff: 0.1, Sum: 1.1]
      [Update RS (ms): Min: 0.4, Avg: 0.4, Max: 0.5, Diff: 0.1, Sum: 4.4]
         [Processed Buffers: Min: 1, Avg: 4.8, Max: 6, Diff: 5, Sum: 48]
      [Scan RS (ms): Min: 0.0, Avg: 0.0, Max: 0.1, Diff: 0.1, Sum: 0.2]
      [Code Root Scanning (ms): Min: 0.0, Avg: 0.0, Max: 0.0, Diff: 0.0, Sum: 0.0]
      [Object Copy (ms): Min: 2.9, Avg: 2.9, Max: 3.0, Diff: 0.1, Sum: 29.1]
      [Termination (ms): Min: 0.0, Avg: 0.1, Max: 0.1, Diff: 0.1, Sum: 0.8]
         [Termination Attempts: Min: 1, Avg: 1.2, Max: 2, Diff: 1, Sum: 12]
      [GC Worker Other (ms): Min: 0.0, Avg: 0.0, Max: 0.0, Diff: 0.0, Sum: 0.1]
      [GC Worker Total (ms): Min: 3.5, Avg: 3.6, Max: 3.6, Diff: 0.1, Sum: 35.7]
      [GC Worker End (ms): Min: 808.8, Avg: 808.8, Max: 808.8, Diff: 0.1]
   [Code Root Fixup: 0.0 ms]
   [Code Root Purge: 0.0 ms]
   [Clear CT: 0.2 ms]
   [Other: 0.8 ms]
      [Choose CSet: 0.0 ms]
      [Ref Proc: 0.3 ms]
      [Ref Enq: 0.0 ms]
      [Redirty Cards: 0.1 ms]
      [Humongous Register: 0.1 ms]
      [Humongous Reclaim: 0.0 ms]
      [Free CSet: 0.0 ms]
   [Eden: 44.0M(44.0M)->0.0B(44.0M) Survivors: 7168.0K->7168.0K Heap: 482.4M(1024.0M)->420.3M(1024.0M)]
 [Times: user=0.03 sys=0.00, real=0.00 secs] 
2021-07-03T09:39:41.565-0800: 0.819: [GC pause (G1 Evacuation Pause) (mixed), 0.0042732 secs]
   [Parallel Time: 3.5 ms, GC Workers: 10]
      [GC Worker Start (ms): Min: 818.9, Avg: 819.0, Max: 819.0, Diff: 0.1]
      [Ext Root Scanning (ms): Min: 0.0, Avg: 0.1, Max: 0.2, Diff: 0.1, Sum: 1.0]
      [Update RS (ms): Min: 0.4, Avg: 0.5, Max: 0.5, Diff: 0.1, Sum: 4.7]
         [Processed Buffers: Min: 4, Avg: 5.1, Max: 6, Diff: 2, Sum: 51]
      [Scan RS (ms): Min: 0.0, Avg: 0.0, Max: 0.1, Diff: 0.1, Sum: 0.2]
      [Code Root Scanning (ms): Min: 0.0, Avg: 0.0, Max: 0.0, Diff: 0.0, Sum: 0.0]
      [Object Copy (ms): Min: 2.6, Avg: 2.6, Max: 2.7, Diff: 0.1, Sum: 26.3]
      [Termination (ms): Min: 0.0, Avg: 0.1, Max: 0.1, Diff: 0.1, Sum: 0.7]
         [Termination Attempts: Min: 1, Avg: 1.0, Max: 1, Diff: 0, Sum: 10]
      [GC Worker Other (ms): Min: 0.0, Avg: 0.0, Max: 0.0, Diff: 0.0, Sum: 0.1]
      [GC Worker Total (ms): Min: 3.2, Avg: 3.3, Max: 3.4, Diff: 0.2, Sum: 33.0]
      [GC Worker End (ms): Min: 822.2, Avg: 822.3, Max: 822.3, Diff: 0.1]
   [Code Root Fixup: 0.0 ms]
   [Code Root Purge: 0.0 ms]
   [Clear CT: 0.1 ms]
   [Other: 0.7 ms]
      [Choose CSet: 0.0 ms]
      [Ref Proc: 0.2 ms]
      [Ref Enq: 0.0 ms]
      [Redirty Cards: 0.2 ms]
      [Humongous Register: 0.1 ms]
      [Humongous Reclaim: 0.0 ms]
      [Free CSet: 0.0 ms]
   [Eden: 44.0M(44.0M)->0.0B(44.0M) Survivors: 7168.0K->7168.0K Heap: 474.7M(1024.0M)->427.1M(1024.0M)]
 [Times: user=0.03 sys=0.01, real=0.00 secs] 
2021-07-03T09:39:41.570-0800: 0.823: [GC pause (G1 Humongous Allocation) (young) (initial-mark), 0.0017277 secs]
   [Parallel Time: 1.0 ms, GC Workers: 10]
      [GC Worker Start (ms): Min: 823.5, Avg: 823.6, Max: 823.7, Diff: 0.1]
      [Ext Root Scanning (ms): Min: 0.1, Avg: 0.1, Max: 0.2, Diff: 0.1, Sum: 1.1]
      [Update RS (ms): Min: 0.0, Avg: 0.1, Max: 0.1, Diff: 0.1, Sum: 0.6]
         [Processed Buffers: Min: 1, Avg: 1.2, Max: 2, Diff: 1, Sum: 12]
      [Scan RS (ms): Min: 0.0, Avg: 0.0, Max: 0.0, Diff: 0.0, Sum: 0.0]
      [Code Root Scanning (ms): Min: 0.0, Avg: 0.0, Max: 0.0, Diff: 0.0, Sum: 0.0]
      [Object Copy (ms): Min: 0.5, Avg: 0.6, Max: 0.6, Diff: 0.1, Sum: 5.8]
      [Termination (ms): Min: 0.0, Avg: 0.1, Max: 0.1, Diff: 0.1, Sum: 0.5]
         [Termination Attempts: Min: 1, Avg: 1.0, Max: 1, Diff: 0, Sum: 10]
      [GC Worker Other (ms): Min: 0.0, Avg: 0.0, Max: 0.0, Diff: 0.0, Sum: 0.1]
      [GC Worker Total (ms): Min: 0.8, Avg: 0.8, Max: 0.9, Diff: 0.1, Sum: 8.2]
      [GC Worker End (ms): Min: 824.4, Avg: 824.4, Max: 824.5, Diff: 0.1]
   [Code Root Fixup: 0.0 ms]
   [Code Root Purge: 0.0 ms]
   [Clear CT: 0.1 ms]
   [Other: 0.6 ms]
      [Choose CSet: 0.0 ms]
      [Ref Proc: 0.3 ms]
      [Ref Enq: 0.0 ms]
      [Redirty Cards: 0.1 ms]
      [Humongous Register: 0.1 ms]
      [Humongous Reclaim: 0.0 ms]
      [Free CSet: 0.0 ms]
   [Eden: 2048.0K(44.0M)->0.0B(50.0M) Survivors: 7168.0K->1024.0K Heap: 428.2M(1024.0M)->427.7M(1024.0M)]
 [Times: user=0.01 sys=0.00, real=0.00 secs] 
2021-07-03T09:39:41.572-0800: 0.825: [GC concurrent-root-region-scan-start]
2021-07-03T09:39:41.572-0800: 0.825: [GC concurrent-root-region-scan-end, 0.0000792 secs]
2021-07-03T09:39:41.572-0800: 0.825: [GC concurrent-mark-start]
2021-07-03T09:39:41.573-0800: 0.827: [GC concurrent-mark-end, 0.0011633 secs]
2021-07-03T09:39:41.573-0800: 0.827: [GC remark 2021-07-03T09:39:41.573-0800: 0.827: [Finalize Marking, 0.0002757 secs] 2021-07-03T09:39:41.573-0800: 0.827: [GC ref-proc, 0.0000530 secs] 2021-07-03T09:39:41.573-0800: 0.827: [Unloading, 0.0004459 secs], 0.0014356 secs]
 [Times: user=0.01 sys=0.00, real=0.00 secs] 
2021-07-03T09:39:41.574-0800: 0.828: [GC cleanup 434M->434M(1024M), 0.0009621 secs]
 [Times: user=0.00 sys=0.00, real=0.00 secs] 
2021-07-03T09:39:41.585-0800: 0.839: [GC pause (G1 Evacuation Pause) (young), 0.0028512 secs]
   [Parallel Time: 2.0 ms, GC Workers: 10]
      [GC Worker Start (ms): Min: 838.8, Avg: 838.9, Max: 838.9, Diff: 0.1]
      [Ext Root Scanning (ms): Min: 0.1, Avg: 0.1, Max: 0.2, Diff: 0.1, Sum: 1.1]
      [Update RS (ms): Min: 0.5, Avg: 0.5, Max: 0.6, Diff: 0.1, Sum: 5.3]
         [Processed Buffers: Min: 4, Avg: 5.5, Max: 7, Diff: 3, Sum: 55]
      [Scan RS (ms): Min: 0.0, Avg: 0.0, Max: 0.0, Diff: 0.0, Sum: 0.0]
      [Code Root Scanning (ms): Min: 0.0, Avg: 0.0, Max: 0.0, Diff: 0.0, Sum: 0.0]
      [Object Copy (ms): Min: 1.1, Avg: 1.2, Max: 1.2, Diff: 0.1, Sum: 11.8]
      [Termination (ms): Min: 0.0, Avg: 0.1, Max: 0.1, Diff: 0.1, Sum: 0.6]
         [Termination Attempts: Min: 1, Avg: 1.0, Max: 1, Diff: 0, Sum: 10]
      [GC Worker Other (ms): Min: 0.0, Avg: 0.0, Max: 0.0, Diff: 0.0, Sum: 0.1]
      [GC Worker Total (ms): Min: 1.8, Avg: 1.9, Max: 2.0, Diff: 0.1, Sum: 19.0]
      [GC Worker End (ms): Min: 840.7, Avg: 840.8, Max: 840.8, Diff: 0.0]
   [Code Root Fixup: 0.0 ms]
   [Code Root Purge: 0.0 ms]
   [Clear CT: 0.1 ms]
   [Other: 0.7 ms]
      [Choose CSet: 0.0 ms]
      [Ref Proc: 0.3 ms]
      [Ref Enq: 0.0 ms]
      [Redirty Cards: 0.2 ms]
      [Humongous Register: 0.1 ms]
      [Humongous Reclaim: 0.0 ms]
      [Free CSet: 0.0 ms]
   [Eden: 50.0M(50.0M)->0.0B(44.0M) Survivors: 1024.0K->7168.0K Heap: 486.5M(1024.0M)->441.5M(1024.0M)]
 [Times: user=0.02 sys=0.00, real=0.00 secs] 
2021-07-03T09:39:41.597-0800: 0.851: [GC pause (G1 Evacuation Pause) (mixed), 0.0049221 secs]
   [Parallel Time: 4.0 ms, GC Workers: 10]
      [GC Worker Start (ms): Min: 850.7, Avg: 850.8, Max: 850.9, Diff: 0.2]
      [Ext Root Scanning (ms): Min: 0.0, Avg: 0.1, Max: 0.2, Diff: 0.2, Sum: 0.9]
      [Update RS (ms): Min: 0.4, Avg: 0.5, Max: 0.5, Diff: 0.1, Sum: 4.7]
         [Processed Buffers: Min: 2, Avg: 5.2, Max: 7, Diff: 5, Sum: 52]
      [Scan RS (ms): Min: 0.0, Avg: 0.0, Max: 0.0, Diff: 0.0, Sum: 0.2]
      [Code Root Scanning (ms): Min: 0.0, Avg: 0.0, Max: 0.0, Diff: 0.0, Sum: 0.0]
      [Object Copy (ms): Min: 2.7, Avg: 2.9, Max: 3.0, Diff: 0.3, Sum: 28.6]
      [Termination (ms): Min: 0.0, Avg: 0.2, Max: 0.5, Diff: 0.5, Sum: 2.4]
         [Termination Attempts: Min: 1, Avg: 1.1, Max: 2, Diff: 1, Sum: 11]
      [GC Worker Other (ms): Min: 0.0, Avg: 0.0, Max: 0.0, Diff: 0.0, Sum: 0.1]
      [GC Worker Total (ms): Min: 3.6, Avg: 3.7, Max: 3.9, Diff: 0.3, Sum: 36.8]
      [GC Worker End (ms): Min: 854.4, Avg: 854.5, Max: 854.6, Diff: 0.2]
   [Code Root Fixup: 0.0 ms]
   [Code Root Purge: 0.0 ms]
   [Clear CT: 0.2 ms]
   [Other: 0.7 ms]
      [Choose CSet: 0.0 ms]
      [Ref Proc: 0.3 ms]
      [Ref Enq: 0.0 ms]
      [Redirty Cards: 0.2 ms]
      [Humongous Register: 0.1 ms]
      [Humongous Reclaim: 0.0 ms]
      [Free CSet: 0.0 ms]
   [Eden: 44.0M(44.0M)->0.0B(44.0M) Survivors: 7168.0K->7168.0K Heap: 496.5M(1024.0M)->430.7M(1024.0M)]
 [Times: user=0.02 sys=0.01, real=0.01 secs] 
2021-07-03T09:39:41.611-0800: 0.865: [GC pause (G1 Evacuation Pause) (mixed), 0.0043646 secs]
   [Parallel Time: 3.4 ms, GC Workers: 10]
      [GC Worker Start (ms): Min: 864.9, Avg: 865.0, Max: 865.1, Diff: 0.2]
      [Ext Root Scanning (ms): Min: 0.0, Avg: 0.1, Max: 0.2, Diff: 0.2, Sum: 1.0]
      [Update RS (ms): Min: 0.5, Avg: 0.6, Max: 0.6, Diff: 0.1, Sum: 5.5]
         [Processed Buffers: Min: 2, Avg: 5.9, Max: 8, Diff: 6, Sum: 59]
      [Scan RS (ms): Min: 0.0, Avg: 0.0, Max: 0.1, Diff: 0.1, Sum: 0.3]
      [Code Root Scanning (ms): Min: 0.0, Avg: 0.0, Max: 0.0, Diff: 0.0, Sum: 0.0]
      [Object Copy (ms): Min: 2.4, Avg: 2.5, Max: 2.5, Diff: 0.1, Sum: 24.8]
      [Termination (ms): Min: 0.0, Avg: 0.0, Max: 0.1, Diff: 0.1, Sum: 0.4]
         [Termination Attempts: Min: 1, Avg: 1.1, Max: 2, Diff: 1, Sum: 11]
      [GC Worker Other (ms): Min: 0.0, Avg: 0.0, Max: 0.0, Diff: 0.0, Sum: 0.1]
      [GC Worker Total (ms): Min: 3.2, Avg: 3.2, Max: 3.3, Diff: 0.1, Sum: 32.1]
      [GC Worker End (ms): Min: 868.2, Avg: 868.3, Max: 868.3, Diff: 0.0]
   [Code Root Fixup: 0.0 ms]
   [Code Root Purge: 0.0 ms]
   [Clear CT: 0.2 ms]
   [Other: 0.7 ms]
      [Choose CSet: 0.0 ms]
      [Ref Proc: 0.3 ms]
      [Ref Enq: 0.0 ms]
      [Redirty Cards: 0.2 ms]
      [Humongous Register: 0.1 ms]
      [Humongous Reclaim: 0.0 ms]
      [Free CSet: 0.0 ms]
   [Eden: 44.0M(44.0M)->0.0B(44.0M) Survivors: 7168.0K->7168.0K Heap: 483.7M(1024.0M)->427.9M(1024.0M)]
 [Times: user=0.04 sys=0.00, real=0.00 secs] 
2021-07-03T09:39:41.624-0800: 0.878: [GC pause (G1 Evacuation Pause) (mixed), 0.0043649 secs]
   [Parallel Time: 3.5 ms, GC Workers: 10]
      [GC Worker Start (ms): Min: 878.0, Avg: 878.1, Max: 878.2, Diff: 0.2]
      [Ext Root Scanning (ms): Min: 0.0, Avg: 0.1, Max: 0.2, Diff: 0.2, Sum: 0.9]
      [Update RS (ms): Min: 0.5, Avg: 0.5, Max: 0.5, Diff: 0.1, Sum: 4.8]
         [Processed Buffers: Min: 2, Avg: 5.3, Max: 7, Diff: 5, Sum: 53]
      [Scan RS (ms): Min: 0.0, Avg: 0.0, Max: 0.0, Diff: 0.0, Sum: 0.2]
      [Code Root Scanning (ms): Min: 0.0, Avg: 0.0, Max: 0.0, Diff: 0.0, Sum: 0.0]
      [Object Copy (ms): Min: 2.5, Avg: 2.6, Max: 2.7, Diff: 0.2, Sum: 25.7]
      [Termination (ms): Min: 0.0, Avg: 0.2, Max: 0.2, Diff: 0.2, Sum: 1.8]
         [Termination Attempts: Min: 1, Avg: 1.0, Max: 1, Diff: 0, Sum: 10]
      [GC Worker Other (ms): Min: 0.0, Avg: 0.0, Max: 0.0, Diff: 0.0, Sum: 0.1]
      [GC Worker Total (ms): Min: 3.2, Avg: 3.3, Max: 3.5, Diff: 0.3, Sum: 33.5]
      [GC Worker End (ms): Min: 881.4, Avg: 881.5, Max: 881.5, Diff: 0.1]
   [Code Root Fixup: 0.0 ms]
   [Code Root Purge: 0.0 ms]
   [Clear CT: 0.1 ms]
   [Other: 0.7 ms]
      [Choose CSet: 0.0 ms]
      [Ref Proc: 0.3 ms]
      [Ref Enq: 0.0 ms]
      [Redirty Cards: 0.2 ms]
      [Humongous Register: 0.1 ms]
      [Humongous Reclaim: 0.0 ms]
      [Free CSet: 0.0 ms]
   [Eden: 44.0M(44.0M)->0.0B(44.0M) Survivors: 7168.0K->7168.0K Heap: 483.6M(1024.0M)->440.0M(1024.0M)]
 [Times: user=0.03 sys=0.00, real=0.00 secs] 
2021-07-03T09:39:41.629-0800: 0.883: [GC pause (G1 Humongous Allocation) (young) (initial-mark), 0.0016278 secs]
   [Parallel Time: 0.9 ms, GC Workers: 10]
      [GC Worker Start (ms): Min: 883.0, Avg: 883.0, Max: 883.1, Diff: 0.2]
      [Ext Root Scanning (ms): Min: 0.1, Avg: 0.1, Max: 0.2, Diff: 0.2, Sum: 1.1]
      [Update RS (ms): Min: 0.0, Avg: 0.1, Max: 0.1, Diff: 0.1, Sum: 0.6]
         [Processed Buffers: Min: 1, Avg: 1.1, Max: 2, Diff: 1, Sum: 11]
      [Scan RS (ms): Min: 0.0, Avg: 0.0, Max: 0.0, Diff: 0.0, Sum: 0.0]
      [Code Root Scanning (ms): Min: 0.0, Avg: 0.0, Max: 0.0, Diff: 0.0, Sum: 0.0]
      [Object Copy (ms): Min: 0.5, Avg: 0.5, Max: 0.6, Diff: 0.1, Sum: 5.4]
      [Termination (ms): Min: 0.0, Avg: 0.1, Max: 0.1, Diff: 0.1, Sum: 0.6]
         [Termination Attempts: Min: 1, Avg: 1.0, Max: 1, Diff: 0, Sum: 10]
      [GC Worker Other (ms): Min: 0.0, Avg: 0.0, Max: 0.0, Diff: 0.0, Sum: 0.1]
      [GC Worker Total (ms): Min: 0.7, Avg: 0.8, Max: 0.9, Diff: 0.2, Sum: 7.8]
      [GC Worker End (ms): Min: 883.8, Avg: 883.8, Max: 883.9, Diff: 0.0]
   [Code Root Fixup: 0.0 ms]
   [Code Root Purge: 0.0 ms]
   [Clear CT: 0.2 ms]
   [Other: 0.5 ms]
      [Choose CSet: 0.0 ms]
      [Ref Proc: 0.2 ms]
      [Ref Enq: 0.0 ms]
      [Redirty Cards: 0.1 ms]
      [Humongous Register: 0.1 ms]
      [Humongous Reclaim: 0.0 ms]
      [Free CSet: 0.0 ms]
   [Eden: 2048.0K(44.0M)->0.0B(65.0M) Survivors: 7168.0K->1024.0K Heap: 441.7M(1024.0M)->440.8M(1024.0M)]
 [Times: user=0.01 sys=0.01, real=0.01 secs] 
2021-07-03T09:39:41.631-0800: 0.885: [GC concurrent-root-region-scan-start]
2021-07-03T09:39:41.631-0800: 0.885: [GC concurrent-root-region-scan-end, 0.0000783 secs]
2021-07-03T09:39:41.631-0800: 0.885: [GC concurrent-mark-start]
2021-07-03T09:39:41.632-0800: 0.886: [GC concurrent-mark-end, 0.0012688 secs]
2021-07-03T09:39:41.632-0800: 0.886: [GC remark 2021-07-03T09:39:41.632-0800: 0.886: [Finalize Marking, 0.0003123 secs] 2021-07-03T09:39:41.633-0800: 0.886: [GC ref-proc, 0.0000547 secs] 2021-07-03T09:39:41.633-0800: 0.886: [Unloading, 0.0004622 secs], 0.0016169 secs]
 [Times: user=0.01 sys=0.00, real=0.00 secs] 
2021-07-03T09:39:41.634-0800: 0.888: [GC cleanup 452M->452M(1024M), 0.0009321 secs]
 [Times: user=0.01 sys=0.00, real=0.00 secs] 
2021-07-03T09:39:41.655-0800: 0.908: [GC pause (G1 Evacuation Pause) (young), 0.0085599 secs]
   [Parallel Time: 7.6 ms, GC Workers: 10]
      [GC Worker Start (ms): Min: 908.5, Avg: 908.6, Max: 908.6, Diff: 0.1]
      [Ext Root Scanning (ms): Min: 0.0, Avg: 0.1, Max: 0.2, Diff: 0.1, Sum: 1.0]
      [Update RS (ms): Min: 0.4, Avg: 0.5, Max: 0.5, Diff: 0.1, Sum: 4.6]
         [Processed Buffers: Min: 2, Avg: 4.9, Max: 6, Diff: 4, Sum: 49]
      [Scan RS (ms): Min: 0.0, Avg: 0.0, Max: 0.0, Diff: 0.0, Sum: 0.0]
      [Code Root Scanning (ms): Min: 0.0, Avg: 0.0, Max: 0.0, Diff: 0.0, Sum: 0.0]
      [Object Copy (ms): Min: 6.2, Avg: 6.6, Max: 6.8, Diff: 0.5, Sum: 65.6]
      [Termination (ms): Min: 0.0, Avg: 0.3, Max: 0.7, Diff: 0.7, Sum: 2.7]
         [Termination Attempts: Min: 1, Avg: 1.4, Max: 2, Diff: 1, Sum: 14]
      [GC Worker Other (ms): Min: 0.0, Avg: 0.0, Max: 0.0, Diff: 0.0, Sum: 0.1]
      [GC Worker Total (ms): Min: 7.3, Avg: 7.4, Max: 7.5, Diff: 0.2, Sum: 74.0]
      [GC Worker End (ms): Min: 915.9, Avg: 916.0, Max: 916.1, Diff: 0.2]
   [Code Root Fixup: 0.0 ms]
   [Code Root Purge: 0.0 ms]
   [Clear CT: 0.2 ms]
   [Other: 0.7 ms]
      [Choose CSet: 0.0 ms]
      [Ref Proc: 0.3 ms]
      [Ref Enq: 0.0 ms]
      [Redirty Cards: 0.1 ms]
      [Humongous Register: 0.1 ms]
      [Humongous Reclaim: 0.1 ms]
      [Free CSet: 0.0 ms]
   [Eden: 65.0M(65.0M)->0.0B(42.0M) Survivors: 1024.0K->9216.0K Heap: 529.5M(1024.0M)->465.4M(1024.0M)]
 [Times: user=0.02 sys=0.04, real=0.01 secs] 
2021-07-03T09:39:41.672-0800: 0.926: [GC pause (G1 Evacuation Pause) (mixed), 0.0050533 secs]
   [Parallel Time: 4.3 ms, GC Workers: 10]
      [GC Worker Start (ms): Min: 926.3, Avg: 926.4, Max: 926.5, Diff: 0.2]
      [Ext Root Scanning (ms): Min: 0.0, Avg: 0.1, Max: 0.2, Diff: 0.2, Sum: 0.8]
      [Update RS (ms): Min: 0.4, Avg: 0.4, Max: 0.4, Diff: 0.0, Sum: 4.1]
         [Processed Buffers: Min: 1, Avg: 4.9, Max: 7, Diff: 6, Sum: 49]
      [Scan RS (ms): Min: 0.0, Avg: 0.0, Max: 0.0, Diff: 0.0, Sum: 0.2]
      [Code Root Scanning (ms): Min: 0.0, Avg: 0.0, Max: 0.0, Diff: 0.0, Sum: 0.0]
      [Object Copy (ms): Min: 3.1, Avg: 3.3, Max: 3.4, Diff: 0.3, Sum: 32.7]
      [Termination (ms): Min: 0.0, Avg: 0.3, Max: 0.5, Diff: 0.5, Sum: 2.6]
         [Termination Attempts: Min: 1, Avg: 1.0, Max: 1, Diff: 0, Sum: 10]
      [GC Worker Other (ms): Min: 0.0, Avg: 0.0, Max: 0.0, Diff: 0.0, Sum: 0.1]
      [GC Worker Total (ms): Min: 3.9, Avg: 4.0, Max: 4.1, Diff: 0.2, Sum: 40.4]
      [GC Worker End (ms): Min: 930.4, Avg: 930.4, Max: 930.6, Diff: 0.2]
   [Code Root Fixup: 0.0 ms]
   [Code Root Purge: 0.0 ms]
   [Clear CT: 0.2 ms]
   [Other: 0.6 ms]
      [Choose CSet: 0.0 ms]
      [Ref Proc: 0.2 ms]
      [Ref Enq: 0.0 ms]
      [Redirty Cards: 0.1 ms]
      [Humongous Register: 0.1 ms]
      [Humongous Reclaim: 0.0 ms]
      [Free CSet: 0.0 ms]
   [Eden: 42.0M(42.0M)->0.0B(44.0M) Survivors: 9216.0K->7168.0K Heap: 519.4M(1024.0M)->454.8M(1024.0M)]
 [Times: user=0.03 sys=0.02, real=0.00 secs] 
2021-07-03T09:39:41.686-0800: 0.940: [GC pause (G1 Evacuation Pause) (mixed), 0.0066325 secs]
   [Parallel Time: 5.7 ms, GC Workers: 10]
      [GC Worker Start (ms): Min: 939.9, Avg: 940.0, Max: 940.1, Diff: 0.1]
      [Ext Root Scanning (ms): Min: 0.0, Avg: 0.1, Max: 0.2, Diff: 0.1, Sum: 1.0]
      [Update RS (ms): Min: 0.6, Avg: 0.6, Max: 0.6, Diff: 0.0, Sum: 5.7]
         [Processed Buffers: Min: 3, Avg: 6.4, Max: 8, Diff: 5, Sum: 64]
      [Scan RS (ms): Min: 0.0, Avg: 0.0, Max: 0.1, Diff: 0.1, Sum: 0.3]
      [Code Root Scanning (ms): Min: 0.0, Avg: 0.0, Max: 0.0, Diff: 0.0, Sum: 0.0]
      [Object Copy (ms): Min: 4.2, Avg: 4.4, Max: 4.6, Diff: 0.4, Sum: 44.1]
      [Termination (ms): Min: 0.0, Avg: 0.3, Max: 0.5, Diff: 0.5, Sum: 3.0]
         [Termination Attempts: Min: 1, Avg: 1.0, Max: 1, Diff: 0, Sum: 10]
      [GC Worker Other (ms): Min: 0.0, Avg: 0.0, Max: 0.0, Diff: 0.0, Sum: 0.1]
      [GC Worker Total (ms): Min: 5.3, Avg: 5.4, Max: 5.6, Diff: 0.3, Sum: 54.2]
      [GC Worker End (ms): Min: 945.4, Avg: 945.4, Max: 945.6, Diff: 0.2]
   [Code Root Fixup: 0.0 ms]
   [Code Root Purge: 0.0 ms]
   [Clear CT: 0.1 ms]
   [Other: 0.8 ms]
      [Choose CSet: 0.0 ms]
      [Ref Proc: 0.4 ms]
      [Ref Enq: 0.0 ms]
      [Redirty Cards: 0.2 ms]
      [Humongous Register: 0.1 ms]
      [Humongous Reclaim: 0.0 ms]
      [Free CSet: 0.0 ms]
   [Eden: 44.0M(44.0M)->0.0B(44.0M) Survivors: 7168.0K->7168.0K Heap: 513.0M(1024.0M)->456.4M(1024.0M)]
 [Times: user=0.03 sys=0.01, real=0.01 secs] 
2021-07-03T09:39:41.703-0800: 0.957: [GC pause (G1 Evacuation Pause) (mixed), 0.0045301 secs]
   [Parallel Time: 3.6 ms, GC Workers: 10]
      [GC Worker Start (ms): Min: 957.2, Avg: 957.2, Max: 957.3, Diff: 0.1]
      [Ext Root Scanning (ms): Min: 0.0, Avg: 0.1, Max: 0.2, Diff: 0.1, Sum: 1.0]
      [Update RS (ms): Min: 0.4, Avg: 0.4, Max: 0.4, Diff: 0.1, Sum: 4.1]
         [Processed Buffers: Min: 2, Avg: 4.7, Max: 6, Diff: 4, Sum: 47]
      [Scan RS (ms): Min: 0.0, Avg: 0.0, Max: 0.1, Diff: 0.1, Sum: 0.2]
      [Code Root Scanning (ms): Min: 0.0, Avg: 0.0, Max: 0.0, Diff: 0.0, Sum: 0.0]
      [Object Copy (ms): Min: 2.7, Avg: 2.8, Max: 2.9, Diff: 0.1, Sum: 27.8]
      [Termination (ms): Min: 0.0, Avg: 0.1, Max: 0.2, Diff: 0.2, Sum: 1.1]
         [Termination Attempts: Min: 1, Avg: 1.0, Max: 1, Diff: 0, Sum: 10]
      [GC Worker Other (ms): Min: 0.0, Avg: 0.0, Max: 0.0, Diff: 0.0, Sum: 0.1]
      [GC Worker Total (ms): Min: 3.3, Avg: 3.4, Max: 3.5, Diff: 0.2, Sum: 34.3]
      [GC Worker End (ms): Min: 960.7, Avg: 960.7, Max: 960.8, Diff: 0.1]
   [Code Root Fixup: 0.0 ms]
   [Code Root Purge: 0.0 ms]
   [Clear CT: 0.1 ms]
   [Other: 0.8 ms]
      [Choose CSet: 0.0 ms]
      [Ref Proc: 0.3 ms]
      [Ref Enq: 0.0 ms]
      [Redirty Cards: 0.2 ms]
      [Humongous Register: 0.1 ms]
      [Humongous Reclaim: 0.0 ms]
      [Free CSet: 0.0 ms]
   [Eden: 44.0M(44.0M)->0.0B(44.0M) Survivors: 7168.0K->7168.0K Heap: 515.6M(1024.0M)->459.1M(1024.0M)]
 [Times: user=0.03 sys=0.01, real=0.00 secs] 
2021-07-03T09:39:41.708-0800: 0.962: [GC pause (G1 Humongous Allocation) (young) (initial-mark), 0.0019958 secs]
   [Parallel Time: 1.1 ms, GC Workers: 10]
      [GC Worker Start (ms): Min: 962.2, Avg: 962.2, Max: 962.3, Diff: 0.1]
      [Ext Root Scanning (ms): Min: 0.1, Avg: 0.1, Max: 0.2, Diff: 0.1, Sum: 1.2]
      [Update RS (ms): Min: 0.0, Avg: 0.1, Max: 0.1, Diff: 0.1, Sum: 0.7]
         [Processed Buffers: Min: 1, Avg: 1.1, Max: 2, Diff: 1, Sum: 11]
      [Scan RS (ms): Min: 0.0, Avg: 0.0, Max: 0.0, Diff: 0.0, Sum: 0.0]
      [Code Root Scanning (ms): Min: 0.0, Avg: 0.0, Max: 0.0, Diff: 0.0, Sum: 0.0]
      [Object Copy (ms): Min: 0.5, Avg: 0.7, Max: 0.7, Diff: 0.2, Sum: 6.5]
      [Termination (ms): Min: 0.0, Avg: 0.1, Max: 0.2, Diff: 0.2, Sum: 0.9]
         [Termination Attempts: Min: 1, Avg: 1.0, Max: 1, Diff: 0, Sum: 10]
      [GC Worker Other (ms): Min: 0.0, Avg: 0.0, Max: 0.0, Diff: 0.0, Sum: 0.1]
      [GC Worker Total (ms): Min: 0.9, Avg: 0.9, Max: 1.0, Diff: 0.2, Sum: 9.4]
      [GC Worker End (ms): Min: 963.1, Avg: 963.2, Max: 963.3, Diff: 0.1]
   [Code Root Fixup: 0.0 ms]
   [Code Root Purge: 0.0 ms]
   [Clear CT: 0.1 ms]
   [Other: 0.7 ms]
      [Choose CSet: 0.0 ms]
      [Ref Proc: 0.4 ms]
      [Ref Enq: 0.0 ms]
      [Redirty Cards: 0.1 ms]
      [Humongous Register: 0.1 ms]
      [Humongous Reclaim: 0.0 ms]
      [Free CSet: 0.0 ms]
   [Eden: 2048.0K(44.0M)->0.0B(50.0M) Survivors: 7168.0K->1024.0K Heap: 460.6M(1024.0M)->459.5M(1024.0M)]
 [Times: user=0.01 sys=0.00, real=0.01 secs] 
2021-07-03T09:39:41.710-0800: 0.964: [GC concurrent-root-region-scan-start]
2021-07-03T09:39:41.710-0800: 0.964: [GC concurrent-root-region-scan-end, 0.0000697 secs]
2021-07-03T09:39:41.710-0800: 0.964: [GC concurrent-mark-start]
2021-07-03T09:39:41.712-0800: 0.965: [GC concurrent-mark-end, 0.0011622 secs]
2021-07-03T09:39:41.712-0800: 0.965: [GC remark 2021-07-03T09:39:41.712-0800: 0.965: [Finalize Marking, 0.0003320 secs] 2021-07-03T09:39:41.712-0800: 0.966: [GC ref-proc, 0.0000544 secs] 2021-07-03T09:39:41.712-0800: 0.966: [Unloading, 0.0004912 secs], 0.0015826 secs]
 [Times: user=0.01 sys=0.00, real=0.00 secs] 
2021-07-03T09:39:41.713-0800: 0.967: [GC cleanup 466M->464M(1024M), 0.0008777 secs]
 [Times: user=0.00 sys=0.00, real=0.00 secs] 
2021-07-03T09:39:41.714-0800: 0.968: [GC concurrent-cleanup-start]
2021-07-03T09:39:41.714-0800: 0.968: [GC concurrent-cleanup-end, 0.0000093 secs]
2021-07-03T09:39:41.724-0800: 0.978: [GC pause (G1 Evacuation Pause) (young), 0.0033601 secs]
   [Parallel Time: 2.2 ms, GC Workers: 10]
      [GC Worker Start (ms): Min: 978.2, Avg: 978.3, Max: 978.3, Diff: 0.2]
      [Ext Root Scanning (ms): Min: 0.0, Avg: 0.1, Max: 0.2, Diff: 0.2, Sum: 1.0]
      [Update RS (ms): Min: 0.5, Avg: 0.5, Max: 0.5, Diff: 0.1, Sum: 5.1]
         [Processed Buffers: Min: 2, Avg: 5.6, Max: 7, Diff: 5, Sum: 56]
      [Scan RS (ms): Min: 0.0, Avg: 0.0, Max: 0.0, Diff: 0.0, Sum: 0.0]
      [Code Root Scanning (ms): Min: 0.0, Avg: 0.0, Max: 0.0, Diff: 0.0, Sum: 0.0]
      [Object Copy (ms): Min: 1.3, Avg: 1.4, Max: 1.4, Diff: 0.1, Sum: 13.6]
      [Termination (ms): Min: 0.0, Avg: 0.1, Max: 0.1, Diff: 0.1, Sum: 0.8]
         [Termination Attempts: Min: 1, Avg: 1.0, Max: 1, Diff: 0, Sum: 10]
      [GC Worker Other (ms): Min: 0.0, Avg: 0.0, Max: 0.0, Diff: 0.0, Sum: 0.1]
      [GC Worker Total (ms): Min: 2.0, Avg: 2.1, Max: 2.2, Diff: 0.2, Sum: 20.6]
      [GC Worker End (ms): Min: 980.3, Avg: 980.3, Max: 980.4, Diff: 0.1]
   [Code Root Fixup: 0.0 ms]
   [Code Root Purge: 0.0 ms]
   [Clear CT: 0.2 ms]
   [Other: 1.0 ms]
      [Choose CSet: 0.0 ms]
      [Ref Proc: 0.5 ms]
      [Ref Enq: 0.0 ms]
      [Redirty Cards: 0.2 ms]
      [Humongous Register: 0.1 ms]
      [Humongous Reclaim: 0.1 ms]
      [Free CSet: 0.0 ms]
   [Eden: 50.0M(50.0M)->0.0B(44.0M) Survivors: 1024.0K->7168.0K Heap: 524.6M(1024.0M)->473.9M(1024.0M)]
 [Times: user=0.02 sys=0.00, real=0.00 secs] 
2021-07-03T09:39:41.737-0800: 0.991: [GC pause (G1 Evacuation Pause) (mixed), 0.0082152 secs]
   [Parallel Time: 7.4 ms, GC Workers: 10]
      [GC Worker Start (ms): Min: 990.9, Avg: 991.0, Max: 991.1, Diff: 0.2]
      [Ext Root Scanning (ms): Min: 0.0, Avg: 0.1, Max: 0.2, Diff: 0.2, Sum: 0.9]
      [Update RS (ms): Min: 0.4, Avg: 0.4, Max: 0.5, Diff: 0.1, Sum: 4.4]
         [Processed Buffers: Min: 1, Avg: 4.8, Max: 6, Diff: 5, Sum: 48]
      [Scan RS (ms): Min: 0.0, Avg: 0.0, Max: 0.1, Diff: 0.1, Sum: 0.5]
      [Code Root Scanning (ms): Min: 0.0, Avg: 0.0, Max: 0.0, Diff: 0.0, Sum: 0.0]
      [Object Copy (ms): Min: 5.7, Avg: 6.1, Max: 6.6, Diff: 0.8, Sum: 60.6]
      [Termination (ms): Min: 0.0, Avg: 0.5, Max: 0.9, Diff: 0.9, Sum: 5.3]
         [Termination Attempts: Min: 1, Avg: 1.0, Max: 1, Diff: 0, Sum: 10]
      [GC Worker Other (ms): Min: 0.0, Avg: 0.0, Max: 0.0, Diff: 0.0, Sum: 0.1]
      [GC Worker Total (ms): Min: 7.1, Avg: 7.2, Max: 7.3, Diff: 0.3, Sum: 71.8]
      [GC Worker End (ms): Min: 998.2, Avg: 998.2, Max: 998.3, Diff: 0.1]
   [Code Root Fixup: 0.0 ms]
   [Code Root Purge: 0.0 ms]
   [Clear CT: 0.2 ms]
   [Other: 0.6 ms]
      [Choose CSet: 0.0 ms]
      [Ref Proc: 0.2 ms]
      [Ref Enq: 0.0 ms]
      [Redirty Cards: 0.2 ms]
      [Humongous Register: 0.1 ms]
      [Humongous Reclaim: 0.0 ms]
      [Free CSet: 0.0 ms]
   [Eden: 44.0M(44.0M)->0.0B(44.0M) Survivors: 7168.0K->7168.0K Heap: 534.9M(1024.0M)->468.5M(1024.0M)]
 [Times: user=0.03 sys=0.04, real=0.01 secs] 
2021-07-03T09:39:41.754-0800: 1.008: [GC pause (G1 Evacuation Pause) (mixed), 0.0073737 secs]
   [Parallel Time: 6.5 ms, GC Workers: 10]
      [GC Worker Start (ms): Min: 1008.0, Avg: 1008.1, Max: 1008.1, Diff: 0.1]
      [Ext Root Scanning (ms): Min: 0.0, Avg: 0.1, Max: 0.2, Diff: 0.1, Sum: 0.9]
      [Update RS (ms): Min: 0.4, Avg: 0.4, Max: 0.4, Diff: 0.1, Sum: 4.1]
         [Processed Buffers: Min: 1, Avg: 4.9, Max: 6, Diff: 5, Sum: 49]
      [Scan RS (ms): Min: 0.0, Avg: 0.0, Max: 0.1, Diff: 0.1, Sum: 0.3]
      [Code Root Scanning (ms): Min: 0.0, Avg: 0.0, Max: 0.0, Diff: 0.0, Sum: 0.0]
      [Object Copy (ms): Min: 5.1, Avg: 5.3, Max: 5.6, Diff: 0.6, Sum: 53.1]
      [Termination (ms): Min: 0.0, Avg: 0.4, Max: 0.7, Diff: 0.7, Sum: 4.3]
         [Termination Attempts: Min: 1, Avg: 1.0, Max: 1, Diff: 0, Sum: 10]
      [GC Worker Other (ms): Min: 0.0, Avg: 0.0, Max: 0.0, Diff: 0.0, Sum: 0.1]
      [GC Worker Total (ms): Min: 6.1, Avg: 6.3, Max: 6.4, Diff: 0.3, Sum: 62.8]
      [GC Worker End (ms): Min: 1014.3, Avg: 1014.4, Max: 1014.5, Diff: 0.2]
   [Code Root Fixup: 0.0 ms]
   [Code Root Purge: 0.0 ms]
   [Clear CT: 0.1 ms]
   [Other: 0.8 ms]
      [Choose CSet: 0.0 ms]
      [Ref Proc: 0.3 ms]
      [Ref Enq: 0.0 ms]
      [Redirty Cards: 0.2 ms]
      [Humongous Register: 0.1 ms]
      [Humongous Reclaim: 0.0 ms]
      [Free CSet: 0.0 ms]
   [Eden: 44.0M(44.0M)->0.0B(44.0M) Survivors: 7168.0K->7168.0K Heap: 532.3M(1024.0M)->466.7M(1024.0M)]
 [Times: user=0.04 sys=0.02, real=0.01 secs] 
2021-07-03T09:39:41.773-0800: 1.027: [GC pause (G1 Evacuation Pause) (mixed), 0.0047234 secs]
   [Parallel Time: 3.9 ms, GC Workers: 10]
      [GC Worker Start (ms): Min: 1026.9, Avg: 1027.0, Max: 1027.1, Diff: 0.2]
      [Ext Root Scanning (ms): Min: 0.1, Avg: 0.1, Max: 0.2, Diff: 0.2, Sum: 1.1]
      [Update RS (ms): Min: 0.5, Avg: 0.6, Max: 0.7, Diff: 0.1, Sum: 6.2]
         [Processed Buffers: Min: 6, Avg: 6.9, Max: 9, Diff: 3, Sum: 69]
      [Scan RS (ms): Min: 0.0, Avg: 0.1, Max: 0.2, Diff: 0.2, Sum: 0.6]
      [Code Root Scanning (ms): Min: 0.0, Avg: 0.0, Max: 0.1, Diff: 0.1, Sum: 0.1]
      [Object Copy (ms): Min: 2.7, Avg: 2.9, Max: 3.0, Diff: 0.3, Sum: 28.9]
      [Termination (ms): Min: 0.0, Avg: 0.1, Max: 0.1, Diff: 0.1, Sum: 0.6]
         [Termination Attempts: Min: 1, Avg: 1.0, Max: 1, Diff: 0, Sum: 10]
      [GC Worker Other (ms): Min: 0.0, Avg: 0.0, Max: 0.0, Diff: 0.0, Sum: 0.1]
      [GC Worker Total (ms): Min: 3.7, Avg: 3.8, Max: 3.9, Diff: 0.2, Sum: 37.7]
      [GC Worker End (ms): Min: 1030.8, Avg: 1030.8, Max: 1030.8, Diff: 0.0]
   [Code Root Fixup: 0.0 ms]
   [Code Root Purge: 0.0 ms]
   [Clear CT: 0.1 ms]
   [Other: 0.7 ms]
      [Choose CSet: 0.0 ms]
      [Ref Proc: 0.2 ms]
      [Ref Enq: 0.0 ms]
      [Redirty Cards: 0.2 ms]
      [Humongous Register: 0.1 ms]
      [Humongous Reclaim: 0.0 ms]
      [Free CSet: 0.0 ms]
   [Eden: 44.0M(44.0M)->0.0B(44.0M) Survivors: 7168.0K->7168.0K Heap: 528.4M(1024.0M)->467.2M(1024.0M)]
 [Times: user=0.04 sys=0.00, real=0.00 secs] 
2021-07-03T09:39:41.779-0800: 1.032: [GC pause (G1 Humongous Allocation) (young) (initial-mark), 0.0018535 secs]
   [Parallel Time: 1.0 ms, GC Workers: 10]
      [GC Worker Start (ms): Min: 1032.5, Avg: 1032.6, Max: 1032.6, Diff: 0.1]
      [Ext Root Scanning (ms): Min: 0.1, Avg: 0.1, Max: 0.2, Diff: 0.1, Sum: 1.2]
      [Update RS (ms): Min: 0.0, Avg: 0.1, Max: 0.4, Diff: 0.4, Sum: 1.3]
         [Processed Buffers: Min: 1, Avg: 1.1, Max: 2, Diff: 1, Sum: 11]
      [Scan RS (ms): Min: 0.0, Avg: 0.0, Max: 0.0, Diff: 0.0, Sum: 0.0]
      [Code Root Scanning (ms): Min: 0.0, Avg: 0.0, Max: 0.0, Diff: 0.0, Sum: 0.0]
      [Object Copy (ms): Min: 0.3, Avg: 0.6, Max: 0.7, Diff: 0.4, Sum: 5.5]
      [Termination (ms): Min: 0.0, Avg: 0.1, Max: 0.1, Diff: 0.1, Sum: 0.5]
         [Termination Attempts: Min: 1, Avg: 1.0, Max: 1, Diff: 0, Sum: 10]
      [GC Worker Other (ms): Min: 0.0, Avg: 0.0, Max: 0.0, Diff: 0.0, Sum: 0.1]
      [GC Worker Total (ms): Min: 0.8, Avg: 0.9, Max: 0.9, Diff: 0.1, Sum: 8.7]
      [GC Worker End (ms): Min: 1033.4, Avg: 1033.4, Max: 1033.5, Diff: 0.0]
   [Code Root Fixup: 0.0 ms]
   [Code Root Purge: 0.0 ms]
   [Clear CT: 0.2 ms]
   [Other: 0.7 ms]
      [Choose CSet: 0.0 ms]
      [Ref Proc: 0.4 ms]
      [Ref Enq: 0.0 ms]
      [Redirty Cards: 0.1 ms]
      [Humongous Register: 0.0 ms]
      [Humongous Reclaim: 0.0 ms]
      [Free CSet: 0.0 ms]
   [Eden: 5120.0K(44.0M)->0.0B(49.0M) Survivors: 7168.0K->2048.0K Heap: 471.3M(1024.0M)->468.8M(1024.0M)]
 [Times: user=0.01 sys=0.00, real=0.01 secs] 
2021-07-03T09:39:41.781-0800: 1.034: [GC concurrent-root-region-scan-start]
2021-07-03T09:39:41.781-0800: 1.034: [GC concurrent-root-region-scan-end, 0.0000793 secs]
2021-07-03T09:39:41.781-0800: 1.034: [GC concurrent-mark-start]
2021-07-03T09:39:41.782-0800: 1.036: [GC concurrent-mark-end, 0.0012920 secs]
2021-07-03T09:39:41.782-0800: 1.036: [GC remark 2021-07-03T09:39:41.782-0800: 1.036: [Finalize Marking, 0.0003037 secs] 2021-07-03T09:39:41.782-0800: 1.036: [GC ref-proc, 0.0000551 secs] 2021-07-03T09:39:41.782-0800: 1.036: [Unloading, 0.0005058 secs], 0.0016184 secs]
 [Times: user=0.00 sys=0.00, real=0.00 secs] 
2021-07-03T09:39:41.784-0800: 1.038: [GC cleanup 478M->478M(1024M), 0.0008492 secs]
 [Times: user=0.01 sys=0.00, real=0.00 secs] 
2021-07-03T09:39:41.795-0800: 1.049: [GC pause (G1 Evacuation Pause) (young), 0.0033587 secs]
   [Parallel Time: 2.3 ms, GC Workers: 10]
      [GC Worker Start (ms): Min: 1049.0, Avg: 1049.1, Max: 1049.2, Diff: 0.2]
      [Ext Root Scanning (ms): Min: 0.0, Avg: 0.1, Max: 0.2, Diff: 0.2, Sum: 1.0]
      [Update RS (ms): Min: 0.6, Avg: 0.6, Max: 0.6, Diff: 0.0, Sum: 5.8]
         [Processed Buffers: Min: 5, Avg: 6.2, Max: 7, Diff: 2, Sum: 62]
      [Scan RS (ms): Min: 0.0, Avg: 0.0, Max: 0.0, Diff: 0.0, Sum: 0.1]
      [Code Root Scanning (ms): Min: 0.0, Avg: 0.0, Max: 0.0, Diff: 0.0, Sum: 0.0]
      [Object Copy (ms): Min: 1.3, Avg: 1.3, Max: 1.4, Diff: 0.1, Sum: 13.4]
      [Termination (ms): Min: 0.0, Avg: 0.1, Max: 0.1, Diff: 0.1, Sum: 0.6]
         [Termination Attempts: Min: 1, Avg: 1.0, Max: 1, Diff: 0, Sum: 10]
      [GC Worker Other (ms): Min: 0.0, Avg: 0.0, Max: 0.0, Diff: 0.0, Sum: 0.1]
      [GC Worker Total (ms): Min: 2.0, Avg: 2.1, Max: 2.2, Diff: 0.2, Sum: 21.0]
      [GC Worker End (ms): Min: 1051.2, Avg: 1051.2, Max: 1051.3, Diff: 0.0]
   [Code Root Fixup: 0.0 ms]
   [Code Root Purge: 0.0 ms]
   [Clear CT: 0.1 ms]
   [Other: 0.9 ms]
      [Choose CSet: 0.0 ms]
      [Ref Proc: 0.5 ms]
      [Ref Enq: 0.0 ms]
      [Redirty Cards: 0.2 ms]
      [Humongous Register: 0.1 ms]
      [Humongous Reclaim: 0.0 ms]
      [Free CSet: 0.0 ms]
   [Eden: 49.0M(49.0M)->0.0B(44.0M) Survivors: 2048.0K->7168.0K Heap: 530.5M(1024.0M)->483.9M(1024.0M)]
 [Times: user=0.03 sys=0.01, real=0.00 secs] 
2021-07-03T09:39:41.807-0800: 1.061: [GC pause (G1 Evacuation Pause) (mixed), 0.0053929 secs]
   [Parallel Time: 4.6 ms, GC Workers: 10]
      [GC Worker Start (ms): Min: 1061.3, Avg: 1061.4, Max: 1061.5, Diff: 0.2]
      [Ext Root Scanning (ms): Min: 0.0, Avg: 0.1, Max: 0.2, Diff: 0.2, Sum: 1.0]
      [Update RS (ms): Min: 0.4, Avg: 0.4, Max: 0.4, Diff: 0.1, Sum: 4.1]
         [Processed Buffers: Min: 3, Avg: 4.6, Max: 7, Diff: 4, Sum: 46]
      [Scan RS (ms): Min: 0.0, Avg: 0.0, Max: 0.0, Diff: 0.0, Sum: 0.2]
      [Code Root Scanning (ms): Min: 0.0, Avg: 0.0, Max: 0.0, Diff: 0.0, Sum: 0.0]
      [Object Copy (ms): Min: 3.0, Avg: 3.3, Max: 3.8, Diff: 0.8, Sum: 32.7]
      [Termination (ms): Min: 0.0, Avg: 0.5, Max: 0.8, Diff: 0.8, Sum: 5.5]
         [Termination Attempts: Min: 1, Avg: 1.1, Max: 2, Diff: 1, Sum: 11]
      [GC Worker Other (ms): Min: 0.0, Avg: 0.0, Max: 0.0, Diff: 0.0, Sum: 0.1]
      [GC Worker Total (ms): Min: 4.3, Avg: 4.4, Max: 4.5, Diff: 0.2, Sum: 43.6]
      [GC Worker End (ms): Min: 1065.8, Avg: 1065.8, Max: 1065.8, Diff: 0.1]
   [Code Root Fixup: 0.0 ms]
   [Code Root Purge: 0.0 ms]
   [Clear CT: 0.1 ms]
   [Other: 0.7 ms]
      [Choose CSet: 0.0 ms]
      [Ref Proc: 0.3 ms]
      [Ref Enq: 0.0 ms]
      [Redirty Cards: 0.1 ms]
      [Humongous Register: 0.1 ms]
      [Humongous Reclaim: 0.0 ms]
      [Free CSet: 0.0 ms]
   [Eden: 44.0M(44.0M)->0.0B(44.0M) Survivors: 7168.0K->7168.0K Heap: 544.9M(1024.0M)->480.2M(1024.0M)]
 [Times: user=0.03 sys=0.00, real=0.01 secs] 
2021-07-03T09:39:41.822-0800: 1.075: [GC pause (G1 Evacuation Pause) (mixed), 0.0042376 secs]
   [Parallel Time: 3.3 ms, GC Workers: 10]
      [GC Worker Start (ms): Min: 1075.4, Avg: 1075.5, Max: 1075.6, Diff: 0.2]
      [Ext Root Scanning (ms): Min: 0.0, Avg: 0.1, Max: 0.2, Diff: 0.1, Sum: 1.0]
      [Update RS (ms): Min: 0.4, Avg: 0.4, Max: 0.5, Diff: 0.1, Sum: 4.0]
         [Processed Buffers: Min: 4, Avg: 4.4, Max: 5, Diff: 1, Sum: 44]
      [Scan RS (ms): Min: 0.0, Avg: 0.0, Max: 0.0, Diff: 0.0, Sum: 0.3]
      [Code Root Scanning (ms): Min: 0.0, Avg: 0.0, Max: 0.0, Diff: 0.0, Sum: 0.0]
      [Object Copy (ms): Min: 2.5, Avg: 2.5, Max: 2.6, Diff: 0.1, Sum: 25.5]
      [Termination (ms): Min: 0.0, Avg: 0.1, Max: 0.2, Diff: 0.2, Sum: 0.7]
         [Termination Attempts: Min: 1, Avg: 1.0, Max: 1, Diff: 0, Sum: 10]
      [GC Worker Other (ms): Min: 0.0, Avg: 0.0, Max: 0.0, Diff: 0.0, Sum: 0.1]
      [GC Worker Total (ms): Min: 3.1, Avg: 3.2, Max: 3.3, Diff: 0.2, Sum: 31.6]
      [GC Worker End (ms): Min: 1078.7, Avg: 1078.7, Max: 1078.8, Diff: 0.1]
   [Code Root Fixup: 0.0 ms]
   [Code Root Purge: 0.0 ms]
   [Clear CT: 0.1 ms]
   [Other: 0.8 ms]
      [Choose CSet: 0.0 ms]
      [Ref Proc: 0.3 ms]
      [Ref Enq: 0.0 ms]
      [Redirty Cards: 0.1 ms]
      [Humongous Register: 0.1 ms]
      [Humongous Reclaim: 0.0 ms]
      [Free CSet: 0.0 ms]
   [Eden: 44.0M(44.0M)->0.0B(44.0M) Survivors: 7168.0K->7168.0K Heap: 532.5M(1024.0M)->470.9M(1024.0M)]
 [Times: user=0.03 sys=0.01, real=0.00 secs] 
Heap
 garbage-first heap   total 1048576K, used 504496K [0x0000000780000000, 0x0000000780102000, 0x00000007c0000000)
  region size 1024K, 24 young (24576K), 7 survivors (7168K)
 Metaspace       used 2576K, capacity 4486K, committed 4864K, reserved 1056768K
  class space    used 277K, capacity 386K, committed 512K, reserved 1048576K
